<html>
<body>
<pre>
<h1>µVision Build Log</h1>
<h2>Tool Versions:</h2>
IDE-Version: ¦ÌVision V5.14.0.0
Copyright (C) 2015 ARM Ltd and ARM Germany GmbH. All rights reserved.
License Information: px px, px, LIC=IK101-CR5VQ-2LACT-RXUA2-VUYX8-GR4FM
 
Tool Versions:
Toolchain:       MDK-ARM Standard  Version: 5.14.0.0
Toolchain Path:  D:\keil\ARM\ARMCC\Bin
C Compiler:      Armcc.exe V5.05 update 1 (build 106)
Assembler:       Armasm.exe V5.05 update 1 (build 106)
Linker/Locator:  ArmLink.exe V5.05 update 1 (build 106)
Library Manager: ArmAr.exe V5.05 update 1 (build 106)
Hex Converter:   FromElf.exe V5.05 update 1 (build 106)
CPU DLL:         SARMCM3.DLL V5.14.0.0
Dialog DLL:      DCM.DLL V1.13.1.0
Target DLL:      Segger\JL2CM3.dll V2.99.13.0
Dialog DLL:      TCM.DLL V1.14.4.0
 
<h2>Project:</h2>
C:\Users\Dell\Desktop\demo\USER\pro.uvprojx
Project File Date:  11/18/2019

<h2>Output:</h2>
Build target 'Target 1'
compiling mian.c...
mian.c(17): warning:  #177-D: variable "addr" was declared but never referenced
        u8 addr = 0x11;
mian.c(18): warning:  #177-D: variable "message" was declared but never referenced
        u8 message[17] = "I Love you, honey";
mian.c: 2 warnings, 0 errors
linking...
Program Size: Code=976 RO-data=424 RW-data=12 ZI-data=1324  
After Build - User command #1: D:\keil\ARM\ARMCC\bin\fromelf.exe --bin -o ..\OBJ\pro.bin ..\OBJ\pro.axf
"..\OBJ\pro.axf" - 0 Error(s), 2 Warning(s).

<h2>Collection of Component include folders:</h2>
  C:\Users\Dell\Desktop\demo\USER\RTE
  D:\keil\ARM\PACK\Keil\STM32F4xx_DFP\2.2.0\Drivers\CMSIS\Device\ST\STM32F4xx\Include

<h2>Collection of Component Files used:</h2>
</pre>
</body>
</html>
