<html>
<body>
<pre>
<h1>µVision Build Log</h1>
<h2>Tool Versions:</h2>
IDE-Version: ¦ÌVision V5.14.0.0
Copyright (C) 2015 ARM Ltd and ARM Germany GmbH. All rights reserved.
License Information: px px, px, LIC=IK101-CR5VQ-2LACT-RXUA2-VUYX8-GR4FM
 
Tool Versions:
Toolchain:       MDK-ARM Standard  Version: 5.14.0.0
Toolchain Path:  D:\keil\ARM\ARMCC\Bin
C Compiler:      Armcc.exe V5.05 update 1 (build 106)
Assembler:       Armasm.exe V5.05 update 1 (build 106)
Linker/Locator:  ArmLink.exe V5.05 update 1 (build 106)
Library Manager: ArmAr.exe V5.05 update 1 (build 106)
Hex Converter:   FromElf.exe V5.05 update 1 (build 106)
CPU DLL:         SARMCM3.DLL V5.14.0.0
Dialog DLL:      DCM.DLL V1.13.1.0
Target DLL:      Segger\JL2CM3.dll V2.99.13.0
Dialog DLL:      TCM.DLL V1.14.4.0
 
<h2>Project:</h2>
C:\Users\Dell\Desktop\code\IAP\IAP\FireFightingRobot\USER\Template.uvprojx
Project File Date:  11/15/2019

<h2>Output:</h2>
Build target 'Template'
compiling main.c...
..\HARDWARE\USART6\usart6.h(40): warning:  #1295-D: Deprecated declaration clear_send_flags - give arg types
  void clear_send_flags();
main.c(231): warning:  #111-D: statement is unreachable
        return 0;       
main.c: 2 warnings, 0 errors
compiling usart6.c...
..\HARDWARE\USART6\usart6.h(40): warning:  #1295-D: Deprecated declaration clear_send_flags - give arg types
  void clear_send_flags();
..\HARDWARE\USART6\usart6.c: 1 warning, 0 errors
linking...
Program Size: Code=32802 RO-data=7018 RW-data=72 ZI-data=129976  
FromELF: creating hex file...
"..\OBJ\Template.axf" - 0 Error(s), 3 Warning(s).

<h2>Collection of Component include folders:</h2>
  C:\Users\Dell\Desktop\code\IAP\IAP\FireFightingRobot\USER\RTE
  D:\keil\ARM\PACK\Keil\STM32F4xx_DFP\2.2.0\Drivers\CMSIS\Device\ST\STM32F4xx\Include

<h2>Collection of Component Files used:</h2>
</pre>
</body>
</html>
