Component: ARM Compiler 5.05 update 1 (build 106) Tool: armlink [4d0efa]

==============================================================================

Section Cross References

    main.o(i.HC05_Sta_Show) refers to ili93xx.o(i.LCD_ShowString) for LCD_ShowString
    main.o(i.main) refers to _printf_percent.o(.ARM.Collect$$_printf_percent$$00000000) for _printf_percent
    main.o(i.main) refers to _printf_d.o(.ARM.Collect$$_printf_percent$$00000009) for _printf_d
    main.o(i.main) refers to _printf_dec.o(.text) for _printf_int_dec
    main.o(i.main) refers to _printf_x.o(.ARM.Collect$$_printf_percent$$0000000C) for _printf_x
    main.o(i.main) refers to _printf_hex_int_ll_ptr.o(.text) for _printf_longlong_hex
    main.o(i.main) refers to sys.o(i.Stm32_Clock_Init) for Stm32_Clock_Init
    main.o(i.main) refers to misc.o(i.NVIC_PriorityGroupConfig) for NVIC_PriorityGroupConfig
    main.o(i.main) refers to delay.o(i.delay_init) for delay_init
    main.o(i.main) refers to usart.o(i.uart_init) for uart_init
    main.o(i.main) refers to delay.o(i.delay_ms) for delay_ms
    main.o(i.main) refers to led.o(i.LED_Init) for LED_Init
    main.o(i.main) refers to beep.o(i.BEEP_Init) for BEEP_Init
    main.o(i.main) refers to key.o(i.KEY_Init) for KEY_Init
    main.o(i.main) refers to hc05.o(i.HC05_Init) for HC05_Init
    main.o(i.main) refers to ili93xx.o(i.LCD_Init) for LCD_Init
    main.o(i.main) refers to ili93xx.o(i.LCD_ShowString) for LCD_ShowString
    main.o(i.main) refers to __2printf.o(.text) for __2printf
    main.o(i.main) refers to hc05.o(i.HC05_SET_MODE1) for HC05_SET_MODE1
    main.o(i.main) refers to main.o(i.HC05_Sta_Show) for HC05_Sta_Show
    main.o(i.main) refers to usart6.o(i.iap_package_process) for iap_package_process
    main.o(i.main) refers to usart6.o(i.clear_send_flags) for clear_send_flags
    main.o(i.main) refers to ili93xx.o(i.LCD_Fill) for LCD_Fill
    main.o(i.main) refers to ili93xx.o(i.LCD_ShowxNum) for LCD_ShowxNum
    main.o(i.main) refers to key.o(i.KEY_Scan) for KEY_Scan
    main.o(i.main) refers to iap.o(i.iap_write_appbin) for iap_write_appbin
    main.o(i.main) refers to iap.o(i.iap_load_app) for iap_load_app
    main.o(i.main) refers to ili93xx.o(.data) for POINT_COLOR
    main.o(i.main) refers to usart6.o(.data) for USART6_RX_STA
    main.o(i.main) refers to usart6.o(.bss) for USART6_PART_BUF
    main.o(i.main) refers to usart6.o(.ARM.__AT_0x20001000) for USART6_RX_BUF
    system_stm32f4xx.o(i.SystemCoreClockUpdate) refers to system_stm32f4xx.o(.data) for SystemCoreClock
    system_stm32f4xx.o(i.SystemInit) refers to system_stm32f4xx.o(i.SetSysClock) for SetSysClock
    startup_stm32f40_41xxx.o(STACK) refers (Special) to heapauxi.o(.text) for __use_two_region_memory
    startup_stm32f40_41xxx.o(HEAP) refers (Special) to heapauxi.o(.text) for __use_two_region_memory
    startup_stm32f40_41xxx.o(RESET) refers (Special) to heapauxi.o(.text) for __use_two_region_memory
    startup_stm32f40_41xxx.o(RESET) refers to startup_stm32f40_41xxx.o(STACK) for __initial_sp
    startup_stm32f40_41xxx.o(RESET) refers to startup_stm32f40_41xxx.o(.text) for Reset_Handler
    startup_stm32f40_41xxx.o(RESET) refers to stm32f4xx_it.o(i.NMI_Handler) for NMI_Handler
    startup_stm32f40_41xxx.o(RESET) refers to stm32f4xx_it.o(i.HardFault_Handler) for HardFault_Handler
    startup_stm32f40_41xxx.o(RESET) refers to stm32f4xx_it.o(i.MemManage_Handler) for MemManage_Handler
    startup_stm32f40_41xxx.o(RESET) refers to stm32f4xx_it.o(i.BusFault_Handler) for BusFault_Handler
    startup_stm32f40_41xxx.o(RESET) refers to stm32f4xx_it.o(i.UsageFault_Handler) for UsageFault_Handler
    startup_stm32f40_41xxx.o(RESET) refers to stm32f4xx_it.o(i.SVC_Handler) for SVC_Handler
    startup_stm32f40_41xxx.o(RESET) refers to stm32f4xx_it.o(i.DebugMon_Handler) for DebugMon_Handler
    startup_stm32f40_41xxx.o(RESET) refers to stm32f4xx_it.o(i.PendSV_Handler) for PendSV_Handler
    startup_stm32f40_41xxx.o(RESET) refers to stm32f4xx_it.o(i.SysTick_Handler) for SysTick_Handler
    startup_stm32f40_41xxx.o(RESET) refers to usart.o(i.USART1_IRQHandler) for USART1_IRQHandler
    startup_stm32f40_41xxx.o(RESET) refers to usart3.o(i.USART3_IRQHandler) for USART3_IRQHandler
    startup_stm32f40_41xxx.o(RESET) refers to timer.o(i.TIM6_DAC_IRQHandler) for TIM6_DAC_IRQHandler
    startup_stm32f40_41xxx.o(RESET) refers to usart6.o(i.USART6_IRQHandler) for USART6_IRQHandler
    startup_stm32f40_41xxx.o(.text) refers (Special) to heapauxi.o(.text) for __use_two_region_memory
    startup_stm32f40_41xxx.o(.text) refers to system_stm32f4xx.o(i.SystemInit) for SystemInit
    startup_stm32f40_41xxx.o(.text) refers to __main.o(!!!main) for __main
    startup_stm32f40_41xxx.o(.text) refers to startup_stm32f40_41xxx.o(HEAP) for Heap_Mem
    startup_stm32f40_41xxx.o(.text) refers to startup_stm32f40_41xxx.o(STACK) for Stack_Mem
[...]
    i.GPIO_AF_Set                            0x08001b7e   Section        0  sys.o(i.GPIO_AF_Set)
    i.GPIO_Init                              0x08001bbe   Section        0  stm32f4xx_gpio.o(i.GPIO_Init)
    i.GPIO_PinAFConfig                       0x08001c4e   Section        0  stm32f4xx_gpio.o(i.GPIO_PinAFConfig)
    i.GPIO_ReadInputDataBit                  0x08001c94   Section        0  stm32f4xx_gpio.o(i.GPIO_ReadInputDataBit)
    i.GPIO_Set                               0x08001ca6   Section        0  sys.o(i.GPIO_Set)
    i.GPIO_SetBits                           0x08001d84   Section        0  stm32f4xx_gpio.o(i.GPIO_SetBits)
    i.HC05_Get_Role                          0x08001d88   Section        0  hc05.o(i.HC05_Get_Role)
    i.HC05_Init                              0x08001e1c   Section        0  hc05.o(i.HC05_Init)
    i.HC05_SET_MODE1                         0x08001f1c   Section        0  hc05.o(i.HC05_SET_MODE1)
    i.HC05_Sta_Show                          0x08001f80   Section        0  main.o(i.HC05_Sta_Show)
    i.HardFault_Handler                      0x08001fd8   Section        0  stm32f4xx_it.o(i.HardFault_Handler)
    i.KEY_Init                               0x08001fdc   Section        0  key.o(i.KEY_Init)
    i.KEY_Scan                               0x08002024   Section        0  key.o(i.KEY_Scan)
    i.LCD_Clear                              0x080020f8   Section        0  ili93xx.o(i.LCD_Clear)
    i.LCD_Display_Dir                        0x08002164   Section        0  ili93xx.o(i.LCD_Display_Dir)
    i.LCD_Fast_DrawPoint                     0x08002324   Section        0  ili93xx.o(i.LCD_Fast_DrawPoint)
    i.LCD_Fill                               0x080024a4   Section        0  ili93xx.o(i.LCD_Fill)
    i.LCD_Init                               0x0800255c   Section        0  ili93xx.o(i.LCD_Init)
    i.LCD_Pow                                0x08005e8c   Section        0  ili93xx.o(i.LCD_Pow)
    i.LCD_RD_DATA                            0x08005ea4   Section        0  ili93xx.o(i.LCD_RD_DATA)
    i.LCD_ReadReg                            0x08005eb8   Section        0  ili93xx.o(i.LCD_ReadReg)
    i.LCD_SSD_BackLightSet                   0x08005ed0   Section        0  ili93xx.o(i.LCD_SSD_BackLightSet)
    i.LCD_Scan_Dir                           0x08005f30   Section        0  ili93xx.o(i.LCD_Scan_Dir)
    i.LCD_SetCursor                          0x0800621c   Section        0  ili93xx.o(i.LCD_SetCursor)
    i.LCD_ShowChar                           0x080063c4   Section        0  ili93xx.o(i.LCD_ShowChar)
    i.LCD_ShowString                         0x080064ec   Section        0  ili93xx.o(i.LCD_ShowString)
    i.LCD_ShowxNum                           0x08006552   Section        0  ili93xx.o(i.LCD_ShowxNum)
    i.LCD_WR_DATA                            0x08006610   Section        0  ili93xx.o(i.LCD_WR_DATA)
    i.LCD_WR_REG                             0x08006628   Section        0  ili93xx.o(i.LCD_WR_REG)
    i.LCD_WriteRAM_Prepare                   0x08006640   Section        0  ili93xx.o(i.LCD_WriteRAM_Prepare)
    i.LCD_WriteReg                           0x08006654   Section        0  ili93xx.o(i.LCD_WriteReg)
    i.LED_Init                               0x08006668   Section        0  led.o(i.LED_Init)
    i.MY_NVIC_SetVectorTable                 0x080066a8   Section        0  sys.o(i.MY_NVIC_SetVectorTable)
    i.MemManage_Handler                      0x080066b8   Section        0  stm32f4xx_it.o(i.MemManage_Handler)
    i.NMI_Handler                            0x080066bc   Section        0  stm32f4xx_it.o(i.NMI_Handler)
    i.NVIC_Init                              0x080066c0   Section        0  misc.o(i.NVIC_Init)
    i.NVIC_PriorityGroupConfig               0x08006738   Section        0  misc.o(i.NVIC_PriorityGroupConfig)
    i.PendSV_Handler                         0x0800674c   Section        0  stm32f4xx_it.o(i.PendSV_Handler)
    i.RCC_AHB1PeriphClockCmd                 0x08006750   Section        0  stm32f4xx_rcc.o(i.RCC_AHB1PeriphClockCmd)
    i.RCC_APB1PeriphClockCmd                 0x08006770   Section        0  stm32f4xx_rcc.o(i.RCC_APB1PeriphClockCmd)
    i.RCC_APB1PeriphResetCmd                 0x08006790   Section        0  stm32f4xx_rcc.o(i.RCC_APB1PeriphResetCmd)
    i.RCC_APB2PeriphClockCmd                 0x080067b0   Section        0  stm32f4xx_rcc.o(i.RCC_APB2PeriphClockCmd)
    i.RCC_APB2PeriphResetCmd                 0x080067d0   Section        0  stm32f4xx_rcc.o(i.RCC_APB2PeriphResetCmd)
    i.RCC_GetClocksFreq                      0x080067f0   Section        0  stm32f4xx_rcc.o(i.RCC_GetClocksFreq)
    i.STMFLASH_GetFlashSector                0x080068d8   Section        0  stmflash.o(i.STMFLASH_GetFlashSector)
    i.STMFLASH_ReadWord                      0x08006978   Section        0  stmflash.o(i.STMFLASH_ReadWord)
    i.STMFLASH_Write                         0x08006980   Section        0  stmflash.o(i.STMFLASH_Write)
    i.SVC_Handler                            0x08006a18   Section        0  stm32f4xx_it.o(i.SVC_Handler)
    i.SetSysClock                            0x08006a1c   Section        0  system_stm32f4xx.o(i.SetSysClock)
    SetSysClock                              0x08006a1d   Thumb Code   220  system_stm32f4xx.o(i.SetSysClock)
    i.Stm32_Clock_Init                       0x08006b08   Section        0  sys.o(i.Stm32_Clock_Init)
    i.SysTick_CLKSourceConfig                0x08006b70   Section        0  misc.o(i.SysTick_CLKSourceConfig)
    i.SysTick_Handler                        0x08006b98   Section        0  stm32f4xx_it.o(i.SysTick_Handler)
    i.Sys_Clock_Set                          0x08006b9c   Section        0  sys.o(i.Sys_Clock_Set)
    i.SystemInit                             0x08006ca8   Section        0  system_stm32f4xx.o(i.SystemInit)
    i.TIM6_DAC_IRQHandler                    0x08006d10   Section        0  timer.o(i.TIM6_DAC_IRQHandler)
    i.TIM6_Int_Init                          0x08006d44   Section        0  timer.o(i.TIM6_Int_Init)
    i.TIM_ClearITPendingBit                  0x08006da0   Section        0  stm32f4xx_tim.o(i.TIM_ClearITPendingBit)
    i.TIM_Cmd                                0x08006da6   Section        0  stm32f4xx_tim.o(i.TIM_Cmd)
    i.TIM_GetITStatus                        0x08006dbe   Section        0  stm32f4xx_tim.o(i.TIM_GetITStatus)
    i.TIM_ITConfig                           0x08006de0   Section        0  stm32f4xx_tim.o(i.TIM_ITConfig)
    i.TIM_SetCounter                         0x08006df2   Section        0  stm32f4xx_tim.o(i.TIM_SetCounter)
    i.TIM_TimeBaseInit                       0x08006df8   Section        0  stm32f4xx_tim.o(i.TIM_TimeBaseInit)
    i.USART1_IRQHandler                      0x08006e7c   Section        0  usart.o(i.USART1_IRQHandler)
    i.USART3_IRQHandler                      0x08006ebc   Section        0  usart3.o(i.USART3_IRQHandler)
    i.USART6_IRQHandler                      0x08006edc   Section        0  usart6.o(i.USART6_IRQHandler)
    i.USART_Cmd                              0x08006f50   Section        0  stm32f4xx_usart.o(i.USART_Cmd)
    i.USART_DeInit                           0x08006f68   Section        0  stm32f4xx_usart.o(i.USART_DeInit)
    i.USART_GetFlagStatus                    0x08007058   Section        0  stm32f4xx_usart.o(i.USART_GetFlagStatus)
    i.USART_GetITStatus                      0x08007072   Section        0  stm32f4xx_usart.o(i.USART_GetITStatus)
    i.USART_ITConfig                         0x080070c6   Section        0  stm32f4xx_usart.o(i.USART_ITConfig)
    i.USART_Init                             0x08007110   Section        0  stm32f4xx_usart.o(i.USART_Init)
    i.USART_ReceiveData                      0x080071e4   Section        0  stm32f4xx_usart.o(i.USART_ReceiveData)
    i.USART_SendData                         0x080071ee   Section        0  stm32f4xx_usart.o(i.USART_SendData)
    i.UsageFault_Handler                     0x080071f6   Section        0  stm32f4xx_it.o(i.UsageFault_Handler)
    i.__ARM_fpclassify                       0x080071fa   Section        0  fpclassify.o(i.__ARM_fpclassify)
    i._is_digit                              0x0800722a   Section        0  __printf_wp.o(i._is_digit)
    i._sys_exit                              0x08007238   Section        0  usart.o(i._sys_exit)
    i.clear_send_flags                       0x0800723c   Section        0  usart6.o(i.clear_send_flags)
    i.delay_init                             0x08007268   Section        0  delay.o(i.delay_init)
    i.delay_ms                               0x080072a4   Section        0  delay.o(i.delay_ms)
    i.delay_us                               0x080072dc   Section        0  delay.o(i.delay_us)
    i.delay_xms                              0x08007328   Section        0  delay.o(i.delay_xms)
    i.fputc                                  0x08007374   Section        0  usart.o(i.fputc)
    i.iap_load_app                           0x08007390   Section        0  iap.o(i.iap_load_app)
    i.iap_package_process                    0x080073bc   Section        0  usart6.o(i.iap_package_process)
    i.iap_write_appbin                       0x08007514   Section        0  iap.o(i.iap_write_appbin)
    i.main                                   0x0800757c   Section        0  main.o(i.main)
    i.u3_printf                              0x08007cf8   Section        0  usart6.o(i.u3_printf)
    i.uart_init                              0x08007d48   Section        0  usart.o(i.uart_init)
    i.usart6_init                            0x08007df4   Section        0  usart6.o(i.usart6_init)
    locale$$code                             0x08007ec8   Section       44  lc_numeric_c.o(locale$$code)
    locale$$code                             0x08007ef4   Section       44  lc_ctype_c.o(locale$$code)
    x$fpl$dfixu                              0x08007f20   Section       90  dfixu.o(x$fpl$dfixu)
    $v0                                      0x08007f20   Number         0  dfixu.o(x$fpl$dfixu)
    x$fpl$dfltu                              0x08007f7a   Section       38  dflt_clz.o(x$fpl$dfltu)
    $v0                                      0x08007f7a   Number         0  dflt_clz.o(x$fpl$dfltu)
    x$fpl$dmul                               0x08007fa0   Section      340  dmul.o(x$fpl$dmul)
    $v0                                      0x08007fa0   Number         0  dmul.o(x$fpl$dmul)
    x$fpl$dnaninf                            0x080080f4   Section      156  dnaninf.o(x$fpl$dnaninf)
    $v0                                      0x080080f4   Number         0  dnaninf.o(x$fpl$dnaninf)
    x$fpl$dretinf                            0x08008190   Section       12  dretinf.o(x$fpl$dretinf)
    $v0                                      0x08008190   Number         0  dretinf.o(x$fpl$dretinf)
    x$fpl$fpinit                             0x0800819c   Section       10  fpinit.o(x$fpl$fpinit)
    $v0                                      0x0800819c   Number         0  fpinit.o(x$fpl$fpinit)
    x$fpl$printf1                            0x080081a6   Section        4  printf1.o(x$fpl$printf1)
    $v0                                      0x080081a6   Number         0  printf1.o(x$fpl$printf1)
    .constdata                               0x080081aa   Section     6080  ili93xx.o(.constdata)
    x$fpl$usenofp                            0x080081aa   Section        0  usenofp.o(x$fpl$usenofp)
    .constdata                               0x0800996a   Section       40  _printf_hex_int_ll_ptr.o(.constdata)
    uc_hextab                                0x0800996a   Data          20  _printf_hex_int_ll_ptr.o(.constdata)
    lc_hextab                                0x0800997e   Data          20  _printf_hex_int_ll_ptr.o(.constdata)
    .constdata                               0x08009992   Section       17  __printf_flags_ss_wp.o(.constdata)
    maptable                                 0x08009992   Data          17  __printf_flags_ss_wp.o(.constdata)
    .constdata                               0x080099a4   Section        8  _printf_wctomb.o(.constdata)
    initial_mbstate                          0x080099a4   Data           8  _printf_wctomb.o(.constdata)
    .constdata                               0x080099ac   Section      148  bigflt0.o(.constdata)
    tenpwrs_x                                0x080099ac   Data          60  bigflt0.o(.constdata)
    tenpwrs_i                                0x080099e8   Data          64  bigflt0.o(.constdata)
    locale$$data                             0x08009a60   Section       28  lc_numeric_c.o(locale$$data)
    __lcnum_c_name                           0x08009a64   Data           2  lc_numeric_c.o(locale$$data)
    __lcnum_c_start                          0x08009a6c   Data           0  lc_numeric_c.o(locale$$data)
    __lcnum_c_point                          0x08009a78   Data           0  lc_numeric_c.o(locale$$data)
    __lcnum_c_thousands                      0x08009a7a   Data           0  lc_numeric_c.o(locale$$data)
    __lcnum_c_grouping                       0x08009a7b   Data           0  lc_numeric_c.o(locale$$data)
    locale$$data                             0x08009a7c   Section      272  lc_ctype_c.o(locale$$data)
    __lcnum_c_end                            0x08009a7c   Data           0  lc_numeric_c.o(locale$$data)
    __lcctype_c_name                         0x08009a80   Data           2  lc_ctype_c.o(locale$$data)
    __lcctype_c_start                        0x08009a88   Data           0  lc_ctype_c.o(locale$$data)
    __lcctype_c_end                          0x08009b8c   Data           0  lc_ctype_c.o(locale$$data)
    .data                                    0x20000000   Section       16  stm32f4xx_rcc.o(.data)
    APBAHBPrescTable                         0x20000000   Data          16  stm32f4xx_rcc.o(.data)
    .data                                    0x20000010   Section        4  delay.o(.data)
    fac_us                                   0x20000010   Data           1  delay.o(.data)
    fac_ms                                   0x20000012   Data           2  delay.o(.data)
    .data                                    0x20000014   Section       12  usart.o(.data)
    .data                                    0x20000020   Section        4  ili93xx.o(.data)
    .data                                    0x20000024   Section        9  wt61.o(.data)
    ucRxCnt                                  0x2000002c   Data           1  wt61.o(.data)
    .data                                    0x2000002d   Section        1  key.o(.data)
    key_up                                   0x2000002d   Data           1  key.o(.data)
    .data                                    0x20000030   Section       20  usart6.o(.data)
    .data                                    0x20000044   Section        4  iap.o(.data)
    .bss                                     0x20000048   Section     1024  usart.o(.bss)
    .bss                                     0x20000448   Section       14  ili93xx.o(.bss)
    .bss                                     0x20000456   Section      250  wt61.o(.bss)
    ucRxBuffer                               0x20000456   Data         250  wt61.o(.bss)
    .bss                                     0x20000550   Section     1800  usart6.o(.bss)
    .bss                                     0x20000c58   Section       96  libspace.o(.bss)
    HEAP                                     0x20000cb8   Section      512  startup_stm32f40_41xxx.o(HEAP)
    Heap_Mem                                 0x20000cb8   Data         512  startup_stm32f40_41xxx.o(HEAP)
    .ARM.__AT_0x20001000                     0x20001000   Section    122880  usart6.o(.ARM.__AT_0x20001000)
    .bss                                     0x2001f000   Section     2048  iap.o(.bss)
    STACK                                    0x2001f800   Section     1024  startup_stm32f40_41xxx.o(STACK)
    Stack_Mem                                0x2001f800   Data        1024  startup_stm32f40_41xxx.o(STACK)
    __initial_sp                             0x2001fc00   Data           0  startup_stm32f40_41xxx.o(STACK)

    Global Symbols

    Symbol Name                              Value     Ov Type        Size  Object(Section)

    BuildAttributes$$THM_ISAv4$E$P$D$K$B$S$7EM$VFPi3$EXTD16$VFPS$VFMA$PE$A:L22UL41UL21$X:L11$S22US41US21$IEEE1$IW$USESV6$~STKCKD$USESV7$~SHL$OTIME$ROPI$IEEEJ$EBA8$UX$STANDARDLIB$REQ8$PRES8$EABIv2 0x00000000   Number         0  anon$$obj.o ABSOLUTE
    __ARM_use_no_argv                        0x00000000   Number         0  main.o ABSOLUTE
    _printf_flags                            0x00000000   Number         0  printf_stubs.o ABSOLUTE
    _printf_return_value                     0x00000000   Number         0  printf_stubs.o ABSOLUTE
    _printf_sizespec                         0x00000000   Number         0  printf_stubs.o ABSOLUTE
    _printf_widthprec                        0x00000000   Number         0  printf_stubs.o ABSOLUTE
    __ARM_exceptions_init                     - Undefined Weak Reference
    __alloca_initialize                       - Undefined Weak Reference
    __arm_preinit_                            - Undefined Weak Reference
    __cpp_initialize__aeabi_                  - Undefined Weak Reference
    __cxa_finalize                            - Undefined Weak Reference
    __sigvec_lookup                           - Undefined Weak Reference
    _atexit_init                              - Undefined Weak Reference
    _call_atexit_fns                          - Undefined Weak Reference
    _clock_init                               - Undefined Weak Reference
    _fp_trap_init                             - Undefined Weak Reference
    _fp_trap_shutdown                         - Undefined Weak Reference
    _get_lc_collate                           - Undefined Weak Reference
    _get_lc_monetary                          - Undefined Weak Reference
    _get_lc_time                              - Undefined Weak Reference
    _getenv_init                              - Undefined Weak Reference
    _handle_redirection                       - Undefined Weak Reference
    _init_alloc                               - Undefined Weak Reference
    _init_user_alloc                          - Undefined Weak Reference
    _initio                                   - Undefined Weak Reference
    _mutex_acquire                            - Undefined Weak Reference
    _mutex_release                            - Undefined Weak Reference
    _printf_fp_hex                            - Undefined Weak Reference
    _printf_mbtowc                            - Undefined Weak Reference
    _printf_wc                                - Undefined Weak Reference
    _rand_init                                - Undefined Weak Reference
    _signal_finish                            - Undefined Weak Reference
    _signal_init                              - Undefined Weak Reference
    _terminate_alloc                          - Undefined Weak Reference
    _terminate_user_alloc                     - Undefined Weak Reference
    _terminateio                              - Undefined Weak Reference
    __Vectors_Size                           0x00000188   Number         0  startup_stm32f40_41xxx.o ABSOLUTE
    __Vectors                                0x08000000   Data           4  startup_stm32f40_41xxx.o(RESET)
    __Vectors_End                            0x08000188   Data           0  startup_stm32f40_41xxx.o(RESET)
    __main                                   0x08000189   Thumb Code     8  __main.o(!!!main)
    __scatterload                            0x08000191   Thumb Code     0  __scatter.o(!!!scatter)
    __scatterload_rt2                        0x08000191   Thumb Code    44  __scatter.o(!!!scatter)
    __scatterload_rt2_thumb_only             0x08000191   Thumb Code     0  __scatter.o(!!!scatter)
    __scatterload_null                       0x0800019f   Thumb Code     0  __scatter.o(!!!scatter)
    __scatterload_copy                       0x080001c5   Thumb Code    26  __scatter_copy.o(!!handler_copy)
    __scatterload_zeroinit                   0x080001e1   Thumb Code    28  __scatter_zi.o(!!handler_zi)
    _printf_n                                0x080001fd   Thumb Code     0  _printf_n.o(.ARM.Collect$$_printf_percent$$00000001)
    _printf_percent                          0x080001fd   Thumb Code     0  _printf_percent.o(.ARM.Collect$$_printf_percent$$00000000)
    _printf_p                                0x08000203   Thumb Code     0  _printf_p.o(.ARM.Collect$$_printf_percent$$00000002)
    _printf_f                                0x08000209   Thumb Code     0  _printf_f.o(.ARM.Collect$$_printf_percent$$00000003)
    _printf_e                                0x0800020f   Thumb Code     0  _printf_e.o(.ARM.Collect$$_printf_percent$$00000004)
    _printf_g                                0x08000215   Thumb Code     0  _printf_g.o(.ARM.Collect$$_printf_percent$$00000005)
    _printf_a                                0x0800021b   Thumb Code     0  _printf_a.o(.ARM.Collect$$_printf_percent$$00000006)
    _printf_ll                               0x08000221   Thumb Code     0  _printf_ll.o(.ARM.Collect$$_printf_percent$$00000007)
    _printf_i                                0x0800022b   Thumb Code     0  _printf_i.o(.ARM.Collect$$_printf_percent$$00000008)
    _printf_d                                0x08000231   Thumb Code     0  _printf_d.o(.ARM.Collect$$_printf_percent$$00000009)
    _printf_u                                0x08000237   Thumb Code     0  _printf_u.o(.ARM.Collect$$_printf_percent$$0000000A)
    _printf_o                                0x0800023d   Thumb Code     0  _printf_o.o(.ARM.Collect$$_printf_percent$$0000000B)
    _printf_x                                0x08000243   Thumb Code     0  _printf_x.o(.ARM.Collect$$_printf_percent$$0000000C)
    _printf_lli                              0x08000249   Thumb Code     0  _printf_lli.o(.ARM.Collect$$_printf_percent$$0000000D)
    _printf_lld                              0x0800024f   Thumb Code     0  _printf_lld.o(.ARM.Collect$$_printf_percent$$0000000E)
    _printf_llu                              0x08000255   Thumb Code     0  _printf_llu.o(.ARM.Collect$$_printf_percent$$0000000F)
    _printf_llo                              0x0800025b   Thumb Code     0  _printf_llo.o(.ARM.Collect$$_printf_percent$$00000010)
    _printf_llx                              0x08000261   Thumb Code     0  _printf_llx.o(.ARM.Collect$$_printf_percent$$00000011)
    _printf_l                                0x08000267   Thumb Code     0  _printf_l.o(.ARM.Collect$$_printf_percent$$00000012)
    _printf_c                                0x08000271   Thumb Code     0  _printf_c.o(.ARM.Collect$$_printf_percent$$00000013)
    _printf_s                                0x08000277   Thumb Code     0  _printf_s.o(.ARM.Collect$$_printf_percent$$00000014)
    _printf_lc                               0x0800027d   Thumb Code     0  _printf_lc.o(.ARM.Collect$$_printf_percent$$00000015)
    _printf_ls                               0x08000283   Thumb Code     0  _printf_ls.o(.ARM.Collect$$_printf_percent$$00000016)
    _printf_percent_end                      0x08000289   Thumb Code     0  _printf_percent_end.o(.ARM.Collect$$_printf_percent$$00000017)
    __rt_lib_init                            0x0800028d   Thumb Code     0  libinit.o(.ARM.Collect$$libinit$$00000000)
    __rt_lib_init_fp_1                       0x0800028f   Thumb Code     0  libinit2.o(.ARM.Collect$$libinit$$00000001)
    __rt_lib_init_heap_1                     0x08000293   Thumb Code     0  libinit2.o(.ARM.Collect$$libinit$$0000000A)
    __rt_lib_init_lc_common                  0x08000293   Thumb Code     0  libinit2.o(.ARM.Collect$$libinit$$0000000F)
    __rt_lib_init_preinit_1                  0x08000293   Thumb Code     0  libinit2.o(.ARM.Collect$$libinit$$00000004)
    __rt_lib_init_rand_1                     0x08000293   Thumb Code     0  libinit2.o(.ARM.Collect$$libinit$$0000000E)
    __rt_lib_init_user_alloc_1               0x08000293   Thumb Code     0  libinit2.o(.ARM.Collect$$libinit$$0000000C)
    __rt_lib_init_lc_collate_1               0x08000299   Thumb Code     0  libinit2.o(.ARM.Collect$$libinit$$00000011)
    __rt_lib_init_lc_ctype_2                 0x08000299   Thumb Code     0  libinit2.o(.ARM.Collect$$libinit$$00000012)
    __rt_lib_init_lc_ctype_1                 0x080002a5   Thumb Code     0  libinit2.o(.ARM.Collect$$libinit$$00000013)
    __rt_lib_init_lc_monetary_1              0x080002a5   Thumb Code     0  libinit2.o(.ARM.Collect$$libinit$$00000015)
    __rt_lib_init_lc_numeric_2               0x080002a5   Thumb Code     0  libinit2.o(.ARM.Collect$$libinit$$00000016)
    __rt_lib_init_alloca_1                   0x080002af   Thumb Code     0  libinit2.o(.ARM.Collect$$libinit$$0000002E)
    __rt_lib_init_argv_1                     0x080002af   Thumb Code     0  libinit2.o(.ARM.Collect$$libinit$$0000002C)
    __rt_lib_init_atexit_1                   0x080002af   Thumb Code     0  libinit2.o(.ARM.Collect$$libinit$$0000001B)
    __rt_lib_init_clock_1                    0x080002af   Thumb Code     0  libinit2.o(.ARM.Collect$$libinit$$00000021)
    __rt_lib_init_cpp_1                      0x080002af   Thumb Code     0  libinit2.o(.ARM.Collect$$libinit$$00000032)
    __rt_lib_init_exceptions_1               0x080002af   Thumb Code     0  libinit2.o(.ARM.Collect$$libinit$$00000030)
    __rt_lib_init_fp_trap_1                  0x080002af   Thumb Code     0  libinit2.o(.ARM.Collect$$libinit$$0000001F)
    __rt_lib_init_getenv_1                   0x080002af   Thumb Code     0  libinit2.o(.ARM.Collect$$libinit$$00000023)
    __rt_lib_init_lc_numeric_1               0x080002af   Thumb Code     0  libinit2.o(.ARM.Collect$$libinit$$00000017)
    __rt_lib_init_lc_time_1                  0x080002af   Thumb Code     0  libinit2.o(.ARM.Collect$$libinit$$00000019)
    __rt_lib_init_return                     0x080002af   Thumb Code     0  libinit2.o(.ARM.Collect$$libinit$$00000033)
    __rt_lib_init_signal_1                   0x080002af   Thumb Code     0  libinit2.o(.ARM.Collect$$libinit$$0000001D)
    __rt_lib_init_stdio_1                    0x080002af   Thumb Code     0  libinit2.o(.ARM.Collect$$libinit$$00000025)
    __rt_lib_shutdown                        0x080002b1   Thumb Code     0  libshutdown.o(.ARM.Collect$$libshutdown$$00000000)
    __rt_lib_shutdown_fp_trap_1              0x080002b3   Thumb Code     0  libshutdown2.o(.ARM.Collect$$libshutdown$$00000006)
    __rt_lib_shutdown_heap_1                 0x080002b3   Thumb Code     0  libshutdown2.o(.ARM.Collect$$libshutdown$$0000000E)
    __rt_lib_shutdown_return                 0x080002b3   Thumb Code     0  libshutdown2.o(.ARM.Collect$$libshutdown$$0000000F)
    __rt_lib_shutdown_signal_1               0x080002b3   Thumb Code     0  libshutdown2.o(.ARM.Collect$$libshutdown$$00000009)
    __rt_lib_shutdown_stdio_1                0x080002b3   Thumb Code     0  libshutdown2.o(.ARM.Collect$$libshutdown$$00000003)
    __rt_lib_shutdown_user_alloc_1           0x080002b3   Thumb Code     0  libshutdown2.o(.ARM.Collect$$libshutdown$$0000000B)
    __rt_entry                               0x080002b5   Thumb Code     0  __rtentry.o(.ARM.Collect$$rtentry$$00000000)
    __rt_entry_presh_1                       0x080002b5   Thumb Code     0  __rtentry2.o(.ARM.Collect$$rtentry$$00000002)
    __rt_entry_sh                            0x080002b5   Thumb Code     0  __rtentry4.o(.ARM.Collect$$rtentry$$00000004)
    __rt_entry_li                            0x080002bb   Thumb Code     0  __rtentry2.o(.ARM.Collect$$rtentry$$0000000A)
    __rt_entry_postsh_1                      0x080002bb   Thumb Code     0  __rtentry2.o(.ARM.Collect$$rtentry$$00000009)
    __rt_entry_main                          0x080002bf   Thumb Code     0  __rtentry2.o(.ARM.Collect$$rtentry$$0000000D)
    __rt_entry_postli_1                      0x080002bf   Thumb Code     0  __rtentry2.o(.ARM.Collect$$rtentry$$0000000C)
    __rt_exit                                0x080002c7   Thumb Code     0  rtexit.o(.ARM.Collect$$rtexit$$00000000)
    __rt_exit_ls                             0x080002c9   Thumb Code     0  rtexit2.o(.ARM.Collect$$rtexit$$00000003)
    __rt_exit_prels_1                        0x080002c9   Thumb Code     0  rtexit2.o(.ARM.Collect$$rtexit$$00000002)
    __rt_exit_exit                           0x080002cd   Thumb Code     0  rtexit2.o(.ARM.Collect$$rtexit$$00000004)
    MSR_MSP                                  0x080002d5   Thumb Code     6  sys.o(.emb_text)
    Reset_Handler                            0x080002dd   Thumb Code     8  startup_stm32f40_41xxx.o(.text)
    ADC_IRQHandler                           0x080002f7   Thumb Code     0  startup_stm32f40_41xxx.o(.text)
    CAN1_RX0_IRQHandler                      0x080002f7   Thumb Code     0  startup_stm32f40_41xxx.o(.text)
    CAN1_RX1_IRQHandler                      0x080002f7   Thumb Code     0  startup_stm32f40_41xxx.o(.text)
    CAN1_SCE_IRQHandler                      0x080002f7   Thumb Code     0  startup_stm32f40_41xxx.o(.text)
    CAN1_TX_IRQHandler                       0x080002f7   Thumb Code     0  startup_stm32f40_41xxx.o(.text)
    CAN2_RX0_IRQHandler                      0x080002f7   Thumb Code     0  startup_stm32f40_41xxx.o(.text)
    CAN2_RX1_IRQHandler                      0x080002f7   Thumb Code     0  startup_stm32f40_41xxx.o(.text)
    CAN2_SCE_IRQHandler                      0x080002f7   Thumb Code     0  startup_stm32f40_41xxx.o(.text)
    CAN2_TX_IRQHandler                       0x080002f7   Thumb Code     0  startup_stm32f40_41xxx.o(.text)
    CRYP_IRQHandler                          0x080002f7   Thumb Code     0  startup_stm32f40_41xxx.o(.text)
    DCMI_IRQHandler                          0x080002f7   Thumb Code     0  startup_stm32f40_41xxx.o(.text)
    DMA1_Stream0_IRQHandler                  0x080002f7   Thumb Code     0  startup_stm32f40_41xxx.o(.text)
    DMA1_Stream1_IRQHandler                  0x080002f7   Thumb Code     0  startup_stm32f40_41xxx.o(.text)
    DMA1_Stream2_IRQHandler                  0x080002f7   Thumb Code     0  startup_stm32f40_41xxx.o(.text)
    DMA1_Stream3_IRQHandler                  0x080002f7   Thumb Code     0  startup_stm32f40_41xxx.o(.text)
    DMA1_Stream4_IRQHandler                  0x080002f7   Thumb Code     0  startup_stm32f40_41xxx.o(.text)
    DMA1_Stream5_IRQHandler                  0x080002f7   Thumb Code     0  startup_stm32f40_41xxx.o(.text)
    DMA1_Stream6_IRQHandler                  0x080002f7   Thumb Code     0  startup_stm32f40_41xxx.o(.text)
    DMA1_Stream7_IRQHandler                  0x080002f7   Thumb Code     0  startup_stm32f40_41xxx.o(.text)
    DMA2_Stream0_IRQHandler                  0x080002f7   Thumb Code     0  startup_stm32f40_41xxx.o(.text)
    DMA2_Stream1_IRQHandler                  0x080002f7   Thumb Code     0  startup_stm32f40_41xxx.o(.text)
    DMA2_Stream2_IRQHandler                  0x080002f7   Thumb Code     0  startup_stm32f40_41xxx.o(.text)
    DMA2_Stream3_IRQHandler                  0x080002f7   Thumb Code     0  startup_stm32f40_41xxx.o(.text)
    DMA2_Stream4_IRQHandler                  0x080002f7   Thumb Code     0  startup_stm32f40_41xxx.o(.text)
    DMA2_Stream5_IRQHandler                  0x080002f7   Thumb Code     0  startup_stm32f40_41xxx.o(.text)
    DMA2_Stream6_IRQHandler                  0x080002f7   Thumb Code     0  startup_stm32f40_41xxx.o(.text)
    DMA2_Stream7_IRQHandler                  0x080002f7   Thumb Code     0  startup_stm32f40_41xxx.o(.text)
    ETH_IRQHandler                           0x080002f7   Thumb Code     0  startup_stm32f40_41xxx.o(.text)
    ETH_WKUP_IRQHandler                      0x080002f7   Thumb Code     0  startup_stm32f40_41xxx.o(.text)
    EXTI0_IRQHandler                         0x080002f7   Thumb Code     0  startup_stm32f40_41xxx.o(.text)
    EXTI15_10_IRQHandler                     0x080002f7   Thumb Code     0  startup_stm32f40_41xxx.o(.text)
    EXTI1_IRQHandler                         0x080002f7   Thumb Code     0  startup_stm32f40_41xxx.o(.text)
    EXTI2_IRQHandler                         0x080002f7   Thumb Code     0  startup_stm32f40_41xxx.o(.text)
    EXTI3_IRQHandler                         0x080002f7   Thumb Code     0  startup_stm32f40_41xxx.o(.text)
    EXTI4_IRQHandler                         0x080002f7   Thumb Code     0  startup_stm32f40_41xxx.o(.text)
    EXTI9_5_IRQHandler                       0x080002f7   Thumb Code     0  startup_stm32f40_41xxx.o(.text)
    FLASH_IRQHandler                         0x080002f7   Thumb Code     0  startup_stm32f40_41xxx.o(.text)
    FPU_IRQHandler                           0x080002f7   Thumb Code     0  startup_stm32f40_41xxx.o(.text)
    FSMC_IRQHandler                          0x080002f7   Thumb Code     0  startup_stm32f40_41xxx.o(.text)
    HASH_RNG_IRQHandler                      0x080002f7   Thumb Code     0  startup_stm32f40_41xxx.o(.text)
    I2C1_ER_IRQHandler                       0x080002f7   Thumb Code     0  startup_stm32f40_41xxx.o(.text)
    I2C1_EV_IRQHandler                       0x080002f7   Thumb Code     0  startup_stm32f40_41xxx.o(.text)
    I2C2_ER_IRQHandler                       0x080002f7   Thumb Code     0  startup_stm32f40_41xxx.o(.text)
    I2C2_EV_IRQHandler                       0x080002f7   Thumb Code     0  startup_stm32f40_41xxx.o(.text)
    I2C3_ER_IRQHandler                       0x080002f7   Thumb Code     0  startup_stm32f40_41xxx.o(.text)
    I2C3_EV_IRQHandler                       0x080002f7   Thumb Code     0  startup_stm32f40_41xxx.o(.text)
    OTG_FS_IRQHandler                        0x080002f7   Thumb Code     0  startup_stm32f40_41xxx.o(.text)
    OTG_FS_WKUP_IRQHandler                   0x080002f7   Thumb Code     0  startup_stm32f40_41xxx.o(.text)
    OTG_HS_EP1_IN_IRQHandler                 0x080002f7   Thumb Code     0  startup_stm32f40_41xxx.o(.text)
    OTG_HS_EP1_OUT_IRQHandler                0x080002f7   Thumb Code     0  startup_stm32f40_41xxx.o(.text)
    OTG_HS_IRQHandler                        0x080002f7   Thumb Code     0  startup_stm32f40_41xxx.o(.text)
    OTG_HS_WKUP_IRQHandler                   0x080002f7   Thumb Code     0  startup_stm32f40_41xxx.o(.text)
    PVD_IRQHandler                           0x080002f7   Thumb Code     0  startup_stm32f40_41xxx.o(.text)
    RCC_IRQHandler                           0x080002f7   Thumb Code     0  startup_stm32f40_41xxx.o(.text)
    RTC_Alarm_IRQHandler                     0x080002f7   Thumb Code     0  startup_stm32f40_41xxx.o(.text)
    RTC_WKUP_IRQHandler                      0x080002f7   Thumb Code     0  startup_stm32f40_41xxx.o(.text)
    SDIO_IRQHandler                          0x080002f7   Thumb Code     0  startup_stm32f40_41xxx.o(.text)
    SPI1_IRQHandler                          0x080002f7   Thumb Code     0  startup_stm32f40_41xxx.o(.text)
    SPI2_IRQHandler                          0x080002f7   Thumb Code     0  startup_stm32f40_41xxx.o(.text)
    SPI3_IRQHandler                          0x080002f7   Thumb Code     0  startup_stm32f40_41xxx.o(.text)
    TAMP_STAMP_IRQHandler                    0x080002f7   Thumb Code     0  startup_stm32f40_41xxx.o(.text)
    TIM1_BRK_TIM9_IRQHandler                 0x080002f7   Thumb Code     0  startup_stm32f40_41xxx.o(.text)
    TIM1_CC_IRQHandler                       0x080002f7   Thumb Code     0  startup_stm32f40_41xxx.o(.text)
    TIM1_TRG_COM_TIM11_IRQHandler            0x080002f7   Thumb Code     0  startup_stm32f40_41xxx.o(.text)
    TIM1_UP_TIM10_IRQHandler                 0x080002f7   Thumb Code     0  startup_stm32f40_41xxx.o(.text)
    TIM2_IRQHandler                          0x080002f7   Thumb Code     0  startup_stm32f40_41xxx.o(.text)
    TIM3_IRQHandler                          0x080002f7   Thumb Code     0  startup_stm32f40_41xxx.o(.text)
    TIM4_IRQHandler                          0x080002f7   Thumb Code     0  startup_stm32f40_41xxx.o(.text)
    TIM5_IRQHandler                          0x080002f7   Thumb Code     0  startup_stm32f40_41xxx.o(.text)
    TIM7_IRQHandler                          0x080002f7   Thumb Code     0  startup_stm32f40_41xxx.o(.text)
    TIM8_BRK_TIM12_IRQHandler                0x080002f7   Thumb Code     0  startup_stm32f40_41xxx.o(.text)
    TIM8_CC_IRQHandler                       0x080002f7   Thumb Code     0  startup_stm32f40_41xxx.o(.text)
    TIM8_TRG_COM_TIM14_IRQHandler            0x080002f7   Thumb Code     0  startup_stm32f40_41xxx.o(.text)
    TIM8_UP_TIM13_IRQHandler                 0x080002f7   Thumb Code     0  startup_stm32f40_41xxx.o(.text)
    UART4_IRQHandler                         0x080002f7   Thumb Code     0  startup_stm32f40_41xxx.o(.text)
    UART5_IRQHandler                         0x080002f7   Thumb Code     0  startup_stm32f40_41xxx.o(.text)
    USART2_IRQHandler                        0x080002f7   Thumb Code     0  startup_stm32f40_41xxx.o(.text)
    WWDG_IRQHandler                          0x080002f7   Thumb Code     0  startup_stm32f40_41xxx.o(.text)
    __user_initial_stackheap                 0x080002f9   Thumb Code     0  startup_stm32f40_41xxx.o(.text)
    __use_no_semihosting                     0x0800031d   Thumb Code     2  use_no_semi_2.o(.text)
    __c89vsprintf                            0x08000321   Thumb Code    32  c89vsprintf.o(.text)
    __2printf                                0x08000345   Thumb Code    20  __2printf.o(.text)
    _printf_str                              0x0800035d   Thumb Code    82  _printf_str.o(.text)
    _printf_int_dec                          0x080003b1   Thumb Code   104  _printf_dec.o(.text)
    _printf_longlong_hex                     0x08000429   Thumb Code    86  _printf_hex_int_ll_ptr.o(.text)
    _printf_int_hex                          0x0800047f   Thumb Code    28  _printf_hex_int_ll_ptr.o(.text)
    _printf_ll_hex                           0x0800049b   Thumb Code    12  _printf_hex_int_ll_ptr.o(.text)
    _printf_hex_ptr                          0x080004a7   Thumb Code    18  _printf_hex_int_ll_ptr.o(.text)
    __printf                                 0x080004bd   Thumb Code   388  __printf_flags_ss_wp.o(.text)
    strlen                                   0x08000645   Thumb Code    62  strlen.o(.text)
    __aeabi_memclr4                          0x08000683   Thumb Code     0  rt_memclr_w.o(.text)
    __aeabi_memclr8                          0x08000683   Thumb Code     0  rt_memclr_w.o(.text)
    __rt_memclr_w                            0x08000683   Thumb Code    78  rt_memclr_w.o(.text)
    _memset_w                                0x08000687   Thumb Code     0  rt_memclr_w.o(.text)
    __use_two_region_memory                  0x080006d1   Thumb Code     2  heapauxi.o(.text)
    __rt_heap_escrow$2region                 0x080006d3   Thumb Code     2  heapauxi.o(.text)
    __rt_heap_expand$2region                 0x080006d5   Thumb Code     2  heapauxi.o(.text)
    __I$use$semihosting                      0x080006d7   Thumb Code     0  use_no_semi.o(.text)
    __use_no_semihosting_swi                 0x080006d7   Thumb Code     2  use_no_semi.o(.text)
    _printf_pre_padding                      0x080006d9   Thumb Code    44  _printf_pad.o(.text)
    _printf_post_padding                     0x08000705   Thumb Code    34  _printf_pad.o(.text)
    _printf_truncate_signed                  0x08000727   Thumb Code    18  _printf_truncate.o(.text)
    _printf_truncate_unsigned                0x08000739   Thumb Code    18  _printf_truncate.o(.text)
    _printf_int_common                       0x0800074b   Thumb Code   178  _printf_intcommon.o(.text)
    _printf_charcount                        0x080007fd   Thumb Code    40  _printf_charcount.o(.text)
    _printf_char_common                      0x0800082f   Thumb Code    32  _printf_char_common.o(.text)
    _sputc                                   0x08000855   Thumb Code    10  _sputc.o(.text)
    _printf_cs_common                        0x0800085f   Thumb Code    20  _printf_char.o(.text)
    _printf_char                             0x08000873   Thumb Code    16  _printf_char.o(.text)
    _printf_string                           0x08000883   Thumb Code     8  _printf_char.o(.text)
    _printf_char_file                        0x0800088d   Thumb Code    32  _printf_char_file.o(.text)
    _printf_wctomb                           0x080008b1   Thumb Code   182  _printf_wctomb.o(.text)
    _printf_longlong_dec                     0x0800096d   Thumb Code   108  _printf_longlong_dec.o(.text)
    _printf_longlong_oct                     0x080009e9   Thumb Code    68  _printf_oct_int_ll.o(.text)
    _printf_int_oct                          0x08000a2d   Thumb Code    24  _printf_oct_int_ll.o(.text)
    _printf_ll_oct                           0x08000a45   Thumb Code    12  _printf_oct_int_ll.o(.text)
    _ll_udiv10                               0x08000a59   Thumb Code   138  lludiv10.o(.text)
    __lib_sel_fp_printf                      0x08000ae3   Thumb Code     2  _printf_fp_dec.o(.text)
    _printf_fp_dec_real                      0x08000c91   Thumb Code   620  _printf_fp_dec.o(.text)
    _printf_lcs_common                       0x08000efd   Thumb Code    20  _printf_wchar.o(.text)
    _printf_wchar                            0x08000f11   Thumb Code    16  _printf_wchar.o(.text)
    _printf_wstring                          0x08000f21   Thumb Code     8  _printf_wchar.o(.text)
    ferror                                   0x08000f29   Thumb Code     8  ferror.o(.text)
    _wcrtomb                                 0x08000f31   Thumb Code    64  _wcrtomb.o(.text)
    __user_setup_stackheap                   0x08000f71   Thumb Code    74  sys_stackheap_outer.o(.text)
    __rt_ctype_table                         0x08000fbd   Thumb Code    16  rt_ctype_table.o(.text)
    __rt_locale                              0x08000fcd   Thumb Code     8  rt_locale_intlibspace.o(.text)
    _printf_fp_infnan                        0x08000fd5   Thumb Code   112  _printf_fp_infnan.o(.text)
    _btod_etento                             0x08001055   Thumb Code   216  bigflt0.o(.text)
    exit                                     0x08001131   Thumb Code    12  exit.o(.text)
    __user_libspace                          0x0800113d   Thumb Code     8  libspace.o(.text)
    __user_perproc_libspace                  0x0800113d   Thumb Code     0  libspace.o(.text)
    __user_perthread_libspace                0x0800113d   Thumb Code     0  libspace.o(.text)
    strcmp                                   0x08001145   Thumb Code   128  strcmpv7m.o(.text)
    _btod_d2e                                0x080011c5   Thumb Code    62  btod.o(CL$$btod_d2e)
    _d2e_denorm_low                          0x08001203   Thumb Code    70  btod.o(CL$$btod_d2e_denorm_low)
    _d2e_norm_op1                            0x08001249   Thumb Code    96  btod.o(CL$$btod_d2e_norm_op1)
    __btod_div_common                        0x080012a9   Thumb Code   696  btod.o(CL$$btod_div_common)
    _e2e                                     0x080015e1   Thumb Code   198  btod.o(CL$$btod_e2e)
    _btod_ediv                               0x080016a7   Thumb Code    40  btod.o(CL$$btod_ediv)
    _btod_emul                               0x080016cf   Thumb Code    40  btod.o(CL$$btod_emul)
    __btod_mult_common                       0x080016f7   Thumb Code   580  btod.o(CL$$btod_mult_common)
    BEEP_Init                                0x0800193d   Thumb Code    42  beep.o(i.BEEP_Init)
    BusFault_Handler                         0x08001975   Thumb Code     4  stm32f4xx_it.o(i.BusFault_Handler)
    CopeSerial3Data                          0x08001979   Thumb Code    76  wt61.o(i.CopeSerial3Data)
    DebugMon_Handler                         0x080019d1   Thumb Code     2  stm32f4xx_it.o(i.DebugMon_Handler)
    FLASH_DataCacheCmd                       0x080019d5   Thumb Code    30  stm32f4xx_flash.o(i.FLASH_DataCacheCmd)
    FLASH_EraseSector                        0x080019f9   Thumb Code   130  stm32f4xx_flash.o(i.FLASH_EraseSector)
    FLASH_GetStatus                          0x08001a81   Thumb Code    80  stm32f4xx_flash.o(i.FLASH_GetStatus)
    FLASH_Lock                               0x08001ad5   Thumb Code    14  stm32f4xx_flash.o(i.FLASH_Lock)
    FLASH_ProgramWord                        0x08001ae9   Thumb Code    74  stm32f4xx_flash.o(i.FLASH_ProgramWord)
    FLASH_Unlock                             0x08001b39   Thumb Code    24  stm32f4xx_flash.o(i.FLASH_Unlock)
    FLASH_WaitForLastOperation               0x08001b5d   Thumb Code    34  stm32f4xx_flash.o(i.FLASH_WaitForLastOperation)
    GPIO_AF_Set                              0x08001b7f   Thumb Code    64  sys.o(i.GPIO_AF_Set)
    GPIO_Init                                0x08001bbf   Thumb Code   144  stm32f4xx_gpio.o(i.GPIO_Init)
    GPIO_PinAFConfig                         0x08001c4f   Thumb Code    70  stm32f4xx_gpio.o(i.GPIO_PinAFConfig)
    GPIO_ReadInputDataBit                    0x08001c95   Thumb Code    18  stm32f4xx_gpio.o(i.GPIO_ReadInputDataBit)
    GPIO_Set                                 0x08001ca7   Thumb Code   222  sys.o(i.GPIO_Set)
    GPIO_SetBits                             0x08001d85   Thumb Code     4  stm32f4xx_gpio.o(i.GPIO_SetBits)
    HC05_Get_Role                            0x08001d89   Thumb Code   124  hc05.o(i.HC05_Get_Role)
    HC05_Init                                0x08001e1d   Thumb Code   228  hc05.o(i.HC05_Init)
    HC05_SET_MODE1                           0x08001f1d   Thumb Code    64  hc05.o(i.HC05_SET_MODE1)
    HC05_Sta_Show                            0x08001f81   Thumb Code    52  main.o(i.HC05_Sta_Show)
    HardFault_Handler                        0x08001fd9   Thumb Code     4  stm32f4xx_it.o(i.HardFault_Handler)
    KEY_Init                                 0x08001fdd   Thumb Code    62  key.o(i.KEY_Init)
    KEY_Scan                                 0x08002025   Thumb Code   198  key.o(i.KEY_Scan)
    LCD_Clear                                0x080020f9   Thumb Code   100  ili93xx.o(i.LCD_Clear)
    LCD_Display_Dir                          0x08002165   Thumb Code   444  ili93xx.o(i.LCD_Display_Dir)
    LCD_Fast_DrawPoint                       0x08002325   Thumb Code   374  ili93xx.o(i.LCD_Fast_DrawPoint)
    LCD_Fill                                 0x080024a5   Thumb Code   180  ili93xx.o(i.LCD_Fill)
    LCD_Init                                 0x0800255d   Thumb Code 14630  ili93xx.o(i.LCD_Init)
    LCD_Pow                                  0x08005e8d   Thumb Code    22  ili93xx.o(i.LCD_Pow)
    LCD_RD_DATA                              0x08005ea5   Thumb Code    14  ili93xx.o(i.LCD_RD_DATA)
    LCD_ReadReg                              0x08005eb9   Thumb Code    22  ili93xx.o(i.LCD_ReadReg)
    LCD_SSD_BackLightSet                     0x08005ed1   Thumb Code    88  ili93xx.o(i.LCD_SSD_BackLightSet)
    LCD_Scan_Dir                             0x08005f31   Thumb Code   744  ili93xx.o(i.LCD_Scan_Dir)
    LCD_SetCursor                            0x0800621d   Thumb Code   418  ili93xx.o(i.LCD_SetCursor)
    LCD_ShowChar                             0x080063c5   Thumb Code   272  ili93xx.o(i.LCD_ShowChar)
    LCD_ShowString                           0x080064ed   Thumb Code   102  ili93xx.o(i.LCD_ShowString)
    LCD_ShowxNum                             0x08006553   Thumb Code   190  ili93xx.o(i.LCD_ShowxNum)
    LCD_WR_DATA                              0x08006611   Thumb Code    18  ili93xx.o(i.LCD_WR_DATA)
    LCD_WR_REG                               0x08006629   Thumb Code    18  ili93xx.o(i.LCD_WR_REG)
    LCD_WriteRAM_Prepare                     0x08006641   Thumb Code    10  ili93xx.o(i.LCD_WriteRAM_Prepare)
    LCD_WriteReg                             0x08006655   Thumb Code    14  ili93xx.o(i.LCD_WriteReg)
    LED_Init                                 0x08006669   Thumb Code    48  led.o(i.LED_Init)
    MY_NVIC_SetVectorTable                   0x080066a9   Thumb Code    12  sys.o(i.MY_NVIC_SetVectorTable)
    MemManage_Handler                        0x080066b9   Thumb Code     4  stm32f4xx_it.o(i.MemManage_Handler)
    NMI_Handler                              0x080066bd   Thumb Code     2  stm32f4xx_it.o(i.NMI_Handler)
    NVIC_Init                                0x080066c1   Thumb Code   106  misc.o(i.NVIC_Init)
    NVIC_PriorityGroupConfig                 0x08006739   Thumb Code    10  misc.o(i.NVIC_PriorityGroupConfig)
    PendSV_Handler                           0x0800674d   Thumb Code     2  stm32f4xx_it.o(i.PendSV_Handler)
    RCC_AHB1PeriphClockCmd                   0x08006751   Thumb Code    26  stm32f4xx_rcc.o(i.RCC_AHB1PeriphClockCmd)
    RCC_APB1PeriphClockCmd                   0x08006771   Thumb Code    26  stm32f4xx_rcc.o(i.RCC_APB1PeriphClockCmd)
    RCC_APB1PeriphResetCmd                   0x08006791   Thumb Code    26  stm32f4xx_rcc.o(i.RCC_APB1PeriphResetCmd)
    RCC_APB2PeriphClockCmd                   0x080067b1   Thumb Code    26  stm32f4xx_rcc.o(i.RCC_APB2PeriphClockCmd)
    RCC_APB2PeriphResetCmd                   0x080067d1   Thumb Code    26  stm32f4xx_rcc.o(i.RCC_APB2PeriphResetCmd)
    RCC_GetClocksFreq                        0x080067f1   Thumb Code   214  stm32f4xx_rcc.o(i.RCC_GetClocksFreq)
    STMFLASH_GetFlashSector                  0x080068d9   Thumb Code   116  stmflash.o(i.STMFLASH_GetFlashSector)
    STMFLASH_ReadWord                        0x08006979   Thumb Code     6  stmflash.o(i.STMFLASH_ReadWord)
    STMFLASH_Write                           0x08006981   Thumb Code   146  stmflash.o(i.STMFLASH_Write)
    SVC_Handler                              0x08006a19   Thumb Code     2  stm32f4xx_it.o(i.SVC_Handler)
    Stm32_Clock_Init                         0x08006b09   Thumb Code    90  sys.o(i.Stm32_Clock_Init)
    SysTick_CLKSourceConfig                  0x08006b71   Thumb Code    40  misc.o(i.SysTick_CLKSourceConfig)
    SysTick_Handler                          0x08006b99   Thumb Code     2  stm32f4xx_it.o(i.SysTick_Handler)
    Sys_Clock_Set                            0x08006b9d   Thumb Code   254  sys.o(i.Sys_Clock_Set)
    SystemInit                               0x08006ca9   Thumb Code    88  system_stm32f4xx.o(i.SystemInit)
    TIM6_DAC_IRQHandler                      0x08006d11   Thumb Code    42  timer.o(i.TIM6_DAC_IRQHandler)
    TIM6_Int_Init                            0x08006d45   Thumb Code    86  timer.o(i.TIM6_Int_Init)
    TIM_ClearITPendingBit                    0x08006da1   Thumb Code     6  stm32f4xx_tim.o(i.TIM_ClearITPendingBit)
    TIM_Cmd                                  0x08006da7   Thumb Code    24  stm32f4xx_tim.o(i.TIM_Cmd)
    TIM_GetITStatus                          0x08006dbf   Thumb Code    34  stm32f4xx_tim.o(i.TIM_GetITStatus)
    TIM_ITConfig                             0x08006de1   Thumb Code    18  stm32f4xx_tim.o(i.TIM_ITConfig)
    TIM_SetCounter                           0x08006df3   Thumb Code     4  stm32f4xx_tim.o(i.TIM_SetCounter)
    TIM_TimeBaseInit                         0x08006df9   Thumb Code   104  stm32f4xx_tim.o(i.TIM_TimeBaseInit)
    USART1_IRQHandler                        0x08006e7d   Thumb Code    52  usart.o(i.USART1_IRQHandler)
    USART3_IRQHandler                        0x08006ebd   Thumb Code    26  usart3.o(i.USART3_IRQHandler)
    USART6_IRQHandler                        0x08006edd   Thumb Code    96  usart6.o(i.USART6_IRQHandler)
    USART_Cmd                                0x08006f51   Thumb Code    24  stm32f4xx_usart.o(i.USART_Cmd)
    USART_DeInit                             0x08006f69   Thumb Code   206  stm32f4xx_usart.o(i.USART_DeInit)
    USART_GetFlagStatus                      0x08007059   Thumb Code    26  stm32f4xx_usart.o(i.USART_GetFlagStatus)
    USART_GetITStatus                        0x08007073   Thumb Code    84  stm32f4xx_usart.o(i.USART_GetITStatus)
    USART_ITConfig                           0x080070c7   Thumb Code    74  stm32f4xx_usart.o(i.USART_ITConfig)
    USART_Init                               0x08007111   Thumb Code   204  stm32f4xx_usart.o(i.USART_Init)
    USART_ReceiveData                        0x080071e5   Thumb Code    10  stm32f4xx_usart.o(i.USART_ReceiveData)
    USART_SendData                           0x080071ef   Thumb Code     8  stm32f4xx_usart.o(i.USART_SendData)
    UsageFault_Handler                       0x080071f7   Thumb Code     4  stm32f4xx_it.o(i.UsageFault_Handler)
    __ARM_fpclassify                         0x080071fb   Thumb Code    48  fpclassify.o(i.__ARM_fpclassify)
    _is_digit                                0x0800722b   Thumb Code    14  __printf_wp.o(i._is_digit)
    _sys_exit                                0x08007239   Thumb Code     4  usart.o(i._sys_exit)
    clear_send_flags                         0x0800723d   Thumb Code    24  usart6.o(i.clear_send_flags)
    delay_init                               0x08007269   Thumb Code    52  delay.o(i.delay_init)
    delay_ms                                 0x080072a5   Thumb Code    56  delay.o(i.delay_ms)
    delay_us                                 0x080072dd   Thumb Code    72  delay.o(i.delay_us)
    delay_xms                                0x08007329   Thumb Code    72  delay.o(i.delay_xms)
    fputc                                    0x08007375   Thumb Code    22  usart.o(i.fputc)
    iap_load_app                             0x08007391   Thumb Code    36  iap.o(i.iap_load_app)
    iap_package_process                      0x080073bd   Thumb Code   302  usart6.o(i.iap_package_process)
    iap_write_appbin                         0x08007515   Thumb Code   100  iap.o(i.iap_write_appbin)
    main                                     0x0800757d   Thumb Code  1786  main.o(i.main)
    u3_printf                                0x08007cf9   Thumb Code    72  usart6.o(i.u3_printf)
    uart_init                                0x08007d49   Thumb Code   164  usart.o(i.uart_init)
    usart6_init                              0x08007df5   Thumb Code   196  usart6.o(i.usart6_init)
    _get_lc_numeric                          0x08007ec9   Thumb Code    44  lc_numeric_c.o(locale$$code)
    _get_lc_ctype                            0x08007ef5   Thumb Code    44  lc_ctype_c.o(locale$$code)
    __aeabi_d2uiz                            0x08007f21   Thumb Code     0  dfixu.o(x$fpl$dfixu)
    _dfixu                                   0x08007f21   Thumb Code    90  dfixu.o(x$fpl$dfixu)
    __aeabi_ui2d                             0x08007f7b   Thumb Code     0  dflt_clz.o(x$fpl$dfltu)
    _dfltu                                   0x08007f7b   Thumb Code    38  dflt_clz.o(x$fpl$dfltu)
    __aeabi_dmul                             0x08007fa1   Thumb Code     0  dmul.o(x$fpl$dmul)
    _dmul                                    0x08007fa1   Thumb Code   332  dmul.o(x$fpl$dmul)
    __fpl_dnaninf                            0x080080f5   Thumb Code   156  dnaninf.o(x$fpl$dnaninf)
    __fpl_dretinf                            0x08008191   Thumb Code    12  dretinf.o(x$fpl$dretinf)
    _fp_init                                 0x0800819d   Thumb Code    10  fpinit.o(x$fpl$fpinit)
    __fplib_config_fpu_vfp                   0x080081a5   Thumb Code     0  fpinit.o(x$fpl$fpinit)
    __fplib_config_pureend_doubles           0x080081a5   Thumb Code     0  fpinit.o(x$fpl$fpinit)
    _printf_fp_dec                           0x080081a7   Thumb Code     4  printf1.o(x$fpl$printf1)
    __I$use$fp                               0x080081aa   Number         0  usenofp.o(x$fpl$usenofp)
    asc2_1206                                0x080081aa   Data        1140  ili93xx.o(.constdata)
    asc2_1608                                0x0800861e   Data        1520  ili93xx.o(.constdata)
    asc2_2412                                0x08008c0e   Data        3420  ili93xx.o(.constdata)
    Region$$Table$$Base                      0x08009a40   Number         0  anon$$obj.o(Region$$Table)
    Region$$Table$$Limit                     0x08009a60   Number         0  anon$$obj.o(Region$$Table)
    __ctype                                  0x08009a89   Data           0  lc_ctype_c.o(locale$$data)
    __stdout                                 0x20000014   Data           4  usart.o(.data)
    USART_RX_STA                             0x20000018   Data           2  usart.o(.data)
    USART_RX_CNT                             0x2000001c   Data           4  usart.o(.data)
    POINT_COLOR                              0x20000020   Data           2  ili93xx.o(.data)
    BACK_COLOR                               0x20000022   Data           2  ili93xx.o(.data)
    stcAngle                                 0x20000024   Data           8  wt61.o(.data)
    USART6_RX_STA                            0x20000030   Data           2  usart6.o(.data)
    USART6_RX_COUNT                          0x20000034   Data           4  usart6.o(.data)
    APP_ID                                   0x20000038   Data           4  usart6.o(.data)
    APP_N                                    0x2000003c   Data           4  usart6.o(.data)
    APP_LEN                                  0x20000040   Data           4  usart6.o(.data)
    jump2app                                 0x20000044   Data           4  iap.o(.data)
    USART_RX_BUF                             0x20000048   Data        1024  usart.o(.bss)
    lcddev                                   0x20000448   Data          14  ili93xx.o(.bss)
    USART6_TX_BUF                            0x20000550   Data         400  usart6.o(.bss)
    USART6_PART_BUF                          0x200006e0   Data        1400  usart6.o(.bss)
    __libspace_start                         0x20000c58   Data          96  libspace.o(.bss)
    __temporary_stack_top$libspace           0x20000cb8   Data           0  libspace.o(.bss)
    USART6_RX_BUF                            0x20001000   Data       122880  usart6.o(.ARM.__AT_0x20001000)
    iapbuf                                   0x2001f000   Data        2048  iap.o(.bss)



==============================================================================

Memory Map of the image

  Image Entry point : 0x08000189

  Load Region LR_IROM1 (Base: 0x08000000, Size: 0x00009bd4, Max: 0x00100000, ABSOLUTE)

    Execution Region ER_IROM1 (Base: 0x08000000, Size: 0x00009b8c, Max: 0x00100000, ABSOLUTE)

    Base Addr    Size         Type   Attr      Idx    E Section Name        Object

    0x08000000   0x00000188   Data   RO          345    RESET               startup_stm32f40_41xxx.o
    0x08000188   0x00000008   Code   RO         6039  * !!!main             c_w.l(__main.o)
    0x08000190   0x00000034   Code   RO         6319    !!!scatter          c_w.l(__scatter.o)
    0x080001c4   0x0000001a   Code   RO         6321    !!handler_copy      c_w.l(__scatter_copy.o)
    0x080001de   0x00000002   PAD
    0x080001e0   0x0000001c   Code   RO         6323    !!handler_zi        c_w.l(__scatter_zi.o)
    0x080001fc   0x00000000   Code   RO         6032    .ARM.Collect$$_printf_percent$$00000000  c_w.l(_printf_percent.o)
    0x080001fc   0x00000006   Code   RO         6084    .ARM.Collect$$_printf_percent$$00000001  c_w.l(_printf_n.o)
    0x08000202   0x00000006   Code   RO         6085    .ARM.Collect$$_printf_percent$$00000002  c_w.l(_printf_p.o)
    0x08000208   0x00000006   Code   RO         6089    .ARM.Collect$$_printf_percent$$00000003  c_w.l(_printf_f.o)
    0x0800020e   0x00000006   Code   RO         6090    .ARM.Collect$$_printf_percent$$00000004  c_w.l(_printf_e.o)
    0x08000214   0x00000006   Code   RO         6091    .ARM.Collect$$_printf_percent$$00000005  c_w.l(_printf_g.o)
    0x0800021a   0x00000006   Code   RO         6092    .ARM.Collect$$_printf_percent$$00000006  c_w.l(_printf_a.o)
    0x08000220   0x0000000a   Code   RO         6097    .ARM.Collect$$_printf_percent$$00000007  c_w.l(_printf_ll.o)
    0x0800022a   0x00000006   Code   RO         6087    .ARM.Collect$$_printf_percent$$00000008  c_w.l(_printf_i.o)
    0x08000230   0x00000006   Code   RO         6031    .ARM.Collect$$_printf_percent$$00000009  c_w.l(_printf_d.o)
    0x08000236   0x00000006   Code   RO         6088    .ARM.Collect$$_printf_percent$$0000000A  c_w.l(_printf_u.o)
    0x0800023c   0x00000006   Code   RO         6086    .ARM.Collect$$_printf_percent$$0000000B  c_w.l(_printf_o.o)
    0x08000242   0x00000006   Code   RO         6030    .ARM.Collect$$_printf_percent$$0000000C  c_w.l(_printf_x.o)
    0x08000248   0x00000006   Code   RO         6094    .ARM.Collect$$_printf_percent$$0000000D  c_w.l(_printf_lli.o)
    0x0800024e   0x00000006   Code   RO         6095    .ARM.Collect$$_printf_percent$$0000000E  c_w.l(_printf_lld.o)
    0x08000254   0x00000006   Code   RO         6096    .ARM.Collect$$_printf_percent$$0000000F  c_w.l(_printf_llu.o)
    0x0800025a   0x00000006   Code   RO         6101    .ARM.Collect$$_printf_percent$$00000010  c_w.l(_printf_llo.o)
    0x08000260   0x00000006   Code   RO         6102    .ARM.Collect$$_printf_percent$$00000011  c_w.l(_printf_llx.o)
    0x08000266   0x0000000a   Code   RO         6098    .ARM.Collect$$_printf_percent$$00000012  c_w.l(_printf_l.o)
    0x08000270   0x00000006   Code   RO         6083    .ARM.Collect$$_printf_percent$$00000013  c_w.l(_printf_c.o)
    0x08000276   0x00000006   Code   RO         6029    .ARM.Collect$$_printf_percent$$00000014  c_w.l(_printf_s.o)
    0x0800027c   0x00000006   Code   RO         6099    .ARM.Collect$$_printf_percent$$00000015  c_w.l(_printf_lc.o)
    0x08000282   0x00000006   Code   RO         6100    .ARM.Collect$$_printf_percent$$00000016  c_w.l(_printf_ls.o)
    0x08000288   0x00000004   Code   RO         6093    .ARM.Collect$$_printf_percent$$00000017  c_w.l(_printf_percent_end.o)
    0x0800028c   0x00000002   Code   RO         6185    .ARM.Collect$$libinit$$00000000  c_w.l(libinit.o)
    0x0800028e   0x00000004   Code   RO         6200    .ARM.Collect$$libinit$$00000001  c_w.l(libinit2.o)
    0x08000292   0x00000000   Code   RO         6203    .ARM.Collect$$libinit$$00000004  c_w.l(libinit2.o)
    0x08000292   0x00000000   Code   RO         6206    .ARM.Collect$$libinit$$0000000A  c_w.l(libinit2.o)
    0x08000292   0x00000000   Code   RO         6208    .ARM.Collect$$libinit$$0000000C  c_w.l(libinit2.o)
    0x08000292   0x00000000   Code   RO         6210    .ARM.Collect$$libinit$$0000000E  c_w.l(libinit2.o)
    0x08000292   0x00000006   Code   RO         6211    .ARM.Collect$$libinit$$0000000F  c_w.l(libinit2.o)
    0x08000298   0x00000000   Code   RO         6213    .ARM.Collect$$libinit$$00000011  c_w.l(libinit2.o)
    0x08000298   0x0000000c   Code   RO         6214    .ARM.Collect$$libinit$$00000012  c_w.l(libinit2.o)
    0x080002a4   0x00000000   Code   RO         6215    .ARM.Collect$$libinit$$00000013  c_w.l(libinit2.o)
    0x080002a4   0x00000000   Code   RO         6217    .ARM.Collect$$libinit$$00000015  c_w.l(libinit2.o)
    0x080002a4   0x0000000a   Code   RO         6218    .ARM.Collect$$libinit$$00000016  c_w.l(libinit2.o)
    0x080002ae   0x00000000   Code   RO         6219    .ARM.Collect$$libinit$$00000017  c_w.l(libinit2.o)
    0x080002ae   0x00000000   Code   RO         6221    .ARM.Collect$$libinit$$00000019  c_w.l(libinit2.o)
    0x080002ae   0x00000000   Code   RO         6223    .ARM.Collect$$libinit$$0000001B  c_w.l(libinit2.o)
    0x080002ae   0x00000000   Code   RO         6225    .ARM.Collect$$libinit$$0000001D  c_w.l(libinit2.o)
    0x080002ae   0x00000000   Code   RO         6227    .ARM.Collect$$libinit$$0000001F  c_w.l(libinit2.o)
    0x080002ae   0x00000000   Code   RO         6229    .ARM.Collect$$libinit$$00000021  c_w.l(libinit2.o)
    0x080002ae   0x00000000   Code   RO         6231    .ARM.Collect$$libinit$$00000023  c_w.l(libinit2.o)
    0x080002ae   0x00000000   Code   RO         6233    .ARM.Collect$$libinit$$00000025  c_w.l(libinit2.o)
    0x080002ae   0x00000000   Code   RO         6237    .ARM.Collect$$libinit$$0000002C  c_w.l(libinit2.o)
    0x080002ae   0x00000000   Code   RO         6239    .ARM.Collect$$libinit$$0000002E  c_w.l(libinit2.o)
    0x080002ae   0x00000000   Code   RO         6241    .ARM.Collect$$libinit$$00000030  c_w.l(libinit2.o)
    0x080002ae   0x00000000   Code   RO         6243    .ARM.Collect$$libinit$$00000032  c_w.l(libinit2.o)
    0x080002ae   0x00000002   Code   RO         6244    .ARM.Collect$$libinit$$00000033  c_w.l(libinit2.o)
    0x080002b0   0x00000002   Code   RO         6262    .ARM.Collect$$libshutdown$$00000000  c_w.l(libshutdown.o)
    0x080002b2   0x00000000   Code   RO         6273    .ARM.Collect$$libshutdown$$00000003  c_w.l(libshutdown2.o)
    0x080002b2   0x00000000   Code   RO         6276    .ARM.Collect$$libshutdown$$00000006  c_w.l(libshutdown2.o)
    0x080002b2   0x00000000   Code   RO         6279    .ARM.Collect$$libshutdown$$00000009  c_w.l(libshutdown2.o)
    0x080002b2   0x00000000   Code   RO         6281    .ARM.Collect$$libshutdown$$0000000B  c_w.l(libshutdown2.o)
    0x080002b2   0x00000000   Code   RO         6284    .ARM.Collect$$libshutdown$$0000000E  c_w.l(libshutdown2.o)
    0x080002b2   0x00000002   Code   RO         6285    .ARM.Collect$$libshutdown$$0000000F  c_w.l(libshutdown2.o)
    0x080002b4   0x00000000   Code   RO         6055    .ARM.Collect$$rtentry$$00000000  c_w.l(__rtentry.o)
    0x080002b4   0x00000000   Code   RO         6111    .ARM.Collect$$rtentry$$00000002  c_w.l(__rtentry2.o)
    0x080002b4   0x00000006   Code   RO         6123    .ARM.Collect$$rtentry$$00000004  c_w.l(__rtentry4.o)
    0x080002ba   0x00000000   Code   RO         6113    .ARM.Collect$$rtentry$$00000009  c_w.l(__rtentry2.o)
    0x080002ba   0x00000004   Code   RO         6114    .ARM.Collect$$rtentry$$0000000A  c_w.l(__rtentry2.o)
    0x080002be   0x00000000   Code   RO         6116    .ARM.Collect$$rtentry$$0000000C  c_w.l(__rtentry2.o)
    0x080002be   0x00000008   Code   RO         6117    .ARM.Collect$$rtentry$$0000000D  c_w.l(__rtentry2.o)
    0x080002c6   0x00000002   Code   RO         6193    .ARM.Collect$$rtexit$$00000000  c_w.l(rtexit.o)
    0x080002c8   0x00000000   Code   RO         6246    .ARM.Collect$$rtexit$$00000002  c_w.l(rtexit2.o)
    0x080002c8   0x00000004   Code   RO         6247    .ARM.Collect$$rtexit$$00000003  c_w.l(rtexit2.o)
    0x080002cc   0x00000006   Code   RO         6248    .ARM.Collect$$rtexit$$00000004  c_w.l(rtexit2.o)
    0x080002d2   0x00000002   PAD
    0x080002d4   0x00000006   Code   RO         5122    .emb_text           sys.o
    0x080002da   0x00000002   PAD
    0x080002dc   0x00000040   Code   RO          346    .text               startup_stm32f40_41xxx.o
    0x0800031c   0x00000002   Code   RO         5974    .text               c_w.l(use_no_semi_2.o)
    0x0800031e   0x00000002   PAD
    0x08000320   0x00000024   Code   RO         5976    .text               c_w.l(c89vsprintf.o)
    0x08000344   0x00000018   Code   RO         5978    .text               c_w.l(__2printf.o)
    0x0800035c   0x00000052   Code   RO         5984    .text               c_w.l(_printf_str.o)
    0x080003ae   0x00000002   PAD
    0x080003b0   0x00000078   Code   RO         5986    .text               c_w.l(_printf_dec.o)
    0x08000428   0x00000094   Code   RO         6006    .text               c_w.l(_printf_hex_int_ll_ptr.o)
    0x080004bc   0x00000188   Code   RO         6026    .text               c_w.l(__printf_flags_ss_wp.o)
    0x08000644   0x0000003e   Code   RO         6033    .text               c_w.l(strlen.o)
    0x08000682   0x0000004e   Code   RO         6035    .text               c_w.l(rt_memclr_w.o)
    0x080006d0   0x00000006   Code   RO         6037    .text               c_w.l(heapauxi.o)
    0x080006d6   0x00000002   Code   RO         6053    .text               c_w.l(use_no_semi.o)
    0x080006d8   0x0000004e   Code   RO         6056    .text               c_w.l(_printf_pad.o)
    0x08000726   0x00000024   Code   RO         6058    .text               c_w.l(_printf_truncate.o)
    0x0800074a   0x000000b2   Code   RO         6060    .text               c_w.l(_printf_intcommon.o)
    0x080007fc   0x00000028   Code   RO         6062    .text               c_w.l(_printf_charcount.o)
    0x08000824   0x00000030   Code   RO         6064    .text               c_w.l(_printf_char_common.o)
    0x08000854   0x0000000a   Code   RO         6066    .text               c_w.l(_sputc.o)
    0x0800085e   0x0000002c   Code   RO         6068    .text               c_w.l(_printf_char.o)
    0x0800088a   0x00000002   PAD
    0x0800088c   0x00000024   Code   RO         6070    .text               c_w.l(_printf_char_file.o)
    0x080008b0   0x000000bc   Code   RO         6072    .text               c_w.l(_printf_wctomb.o)
    0x0800096c   0x0000007c   Code   RO         6075    .text               c_w.l(_printf_longlong_dec.o)
    0x080009e8   0x00000070   Code   RO         6081    .text               c_w.l(_printf_oct_int_ll.o)
    0x08000a58   0x0000008a   Code   RO         6125    .text               c_w.l(lludiv10.o)
    0x08000ae2   0x0000041a   Code   RO         6127    .text               c_w.l(_printf_fp_dec.o)
    0x08000efc   0x0000002c   Code   RO         6131    .text               c_w.l(_printf_wchar.o)
    0x08000f28   0x00000008   Code   RO         6133    .text               c_w.l(ferror.o)
    0x08000f30   0x00000040   Code   RO         6137    .text               c_w.l(_wcrtomb.o)
    0x08000f70   0x0000004a   Code   RO         6139    .text               c_w.l(sys_stackheap_outer.o)
    0x08000fba   0x00000002   PAD
    0x08000fbc   0x00000010   Code   RO         6141    .text               c_w.l(rt_ctype_table.o)
    0x08000fcc   0x00000008   Code   RO         6146    .text               c_w.l(rt_locale_intlibspace.o)
    0x08000fd4   0x00000080   Code   RO         6148    .text               c_w.l(_printf_fp_infnan.o)
    0x08001054   0x000000dc   Code   RO         6150    .text               c_w.l(bigflt0.o)
    0x08001130   0x0000000c   Code   RO         6178    .text               c_w.l(exit.o)
    0x0800113c   0x00000008   Code   RO         6190    .text               c_w.l(libspace.o)
    0x08001144   0x00000080   Code   RO         6198    .text               c_w.l(strcmpv7m.o)
    0x080011c4   0x0000003e   Code   RO         6153    CL$$btod_d2e        c_w.l(btod.o)
    0x08001202   0x00000046   Code   RO         6155    CL$$btod_d2e_denorm_low  c_w.l(btod.o)
    0x08001248   0x00000060   Code   RO         6154    CL$$btod_d2e_norm_op1  c_w.l(btod.o)
    0x080012a8   0x00000338   Code   RO         6163    CL$$btod_div_common  c_w.l(btod.o)
    0x080015e0   0x000000c6   Code   RO         6160    CL$$btod_e2e        c_w.l(btod.o)
    0x080016a6   0x00000028   Code   RO         6157    CL$$btod_ediv       c_w.l(btod.o)
    0x080016ce   0x00000028   Code   RO         6156    CL$$btod_emul       c_w.l(btod.o)
    0x080016f6   0x00000244   Code   RO         6162    CL$$btod_mult_common  c_w.l(btod.o)
    0x0800193a   0x00000002   PAD
    0x0800193c   0x00000038   Code   RO         5267    i.BEEP_Init         beep.o
    0x08001974   0x00000004   Code   RO          211    i.BusFault_Handler  stm32f4xx_it.o
    0x08001978   0x00000058   Code   RO         5682    i.CopeSerial3Data   wt61.o
    0x080019d0   0x00000002   Code   RO          212    i.DebugMon_Handler  stm32f4xx_it.o
    0x080019d2   0x00000002   PAD
    0x080019d4   0x00000024   Code   RO         1661    i.FLASH_DataCacheCmd  stm32f4xx_flash.o
    0x080019f8   0x00000088   Code   RO         1666    i.FLASH_EraseSector  stm32f4xx_flash.o
    0x08001a80   0x00000054   Code   RO         1668    i.FLASH_GetStatus   stm32f4xx_flash.o
    0x08001ad4   0x00000014   Code   RO         1672    i.FLASH_Lock        stm32f4xx_flash.o
    0x08001ae8   0x00000050   Code   RO         1696    i.FLASH_ProgramWord  stm32f4xx_flash.o
    0x08001b38   0x00000024   Code   RO         1698    i.FLASH_Unlock      stm32f4xx_flash.o
    0x08001b5c   0x00000022   Code   RO         1699    i.FLASH_WaitForLastOperation  stm32f4xx_flash.o
    0x08001b7e   0x00000040   Code   RO         5124    i.GPIO_AF_Set       sys.o
    0x08001bbe   0x00000090   Code   RO         2075    i.GPIO_Init         stm32f4xx_gpio.o
    0x08001c4e   0x00000046   Code   RO         2076    i.GPIO_PinAFConfig  stm32f4xx_gpio.o
    0x08001c94   0x00000012   Code   RO         2079    i.GPIO_ReadInputDataBit  stm32f4xx_gpio.o
    0x08001ca6   0x000000de   Code   RO         5125    i.GPIO_Set          sys.o
    0x08001d84   0x00000004   Code   RO         2083    i.GPIO_SetBits      stm32f4xx_gpio.o
    0x08001d88   0x00000094   Code   RO         5875    i.HC05_Get_Role     hc05.o
    0x08001e1c   0x00000100   Code   RO         5876    i.HC05_Init         hc05.o
    0x08001f1c   0x00000064   Code   RO         5877    i.HC05_SET_MODE1    hc05.o
    0x08001f80   0x00000058   Code   RO            3    i.HC05_Sta_Show     main.o
    0x08001fd8   0x00000004   Code   RO          213    i.HardFault_Handler  stm32f4xx_it.o
    0x08001fdc   0x00000048   Code   RO         5785    i.KEY_Init          key.o
    0x08002024   0x000000d4   Code   RO         5786    i.KEY_Scan          key.o
    0x080020f8   0x0000006c   Code   RO         5326    i.LCD_Clear         ili93xx.o
    0x08002164   0x000001c0   Code   RO         5330    i.LCD_Display_Dir   ili93xx.o
    0x08002324   0x00000180   Code   RO         5335    i.LCD_Fast_DrawPoint  ili93xx.o
    0x080024a4   0x000000b8   Code   RO         5336    i.LCD_Fill          ili93xx.o
    0x0800255c   0x00003930   Code   RO         5337    i.LCD_Init          ili93xx.o
    0x08005e8c   0x00000016   Code   RO         5338    i.LCD_Pow           ili93xx.o
    0x08005ea2   0x00000002   PAD
    0x08005ea4   0x00000014   Code   RO         5339    i.LCD_RD_DATA       ili93xx.o
    0x08005eb8   0x00000016   Code   RO         5341    i.LCD_ReadReg       ili93xx.o
    0x08005ece   0x00000002   PAD
    0x08005ed0   0x00000060   Code   RO         5342    i.LCD_SSD_BackLightSet  ili93xx.o
    0x08005f30   0x000002ec   Code   RO         5343    i.LCD_Scan_Dir      ili93xx.o
    0x0800621c   0x000001a8   Code   RO         5344    i.LCD_SetCursor     ili93xx.o
    0x080063c4   0x00000128   Code   RO         5346    i.LCD_ShowChar      ili93xx.o
    0x080064ec   0x00000066   Code   RO         5348    i.LCD_ShowString    ili93xx.o
    0x08006552   0x000000be   Code   RO         5349    i.LCD_ShowxNum      ili93xx.o
    0x08006610   0x00000018   Code   RO         5350    i.LCD_WR_DATA       ili93xx.o
    0x08006628   0x00000018   Code   RO         5351    i.LCD_WR_REG        ili93xx.o
    0x08006640   0x00000014   Code   RO         5353    i.LCD_WriteRAM_Prepare  ili93xx.o
    0x08006654   0x00000014   Code   RO         5354    i.LCD_WriteReg      ili93xx.o
    0x08006668   0x00000040   Code   RO         5543    i.LED_Init          led.o
    0x080066a8   0x00000010   Code   RO         5130    i.MY_NVIC_SetVectorTable  sys.o
    0x080066b8   0x00000004   Code   RO          214    i.MemManage_Handler  stm32f4xx_it.o
    0x080066bc   0x00000002   Code   RO          215    i.NMI_Handler       stm32f4xx_it.o
    0x080066be   0x00000002   PAD
    0x080066c0   0x00000078   Code   RO          352    i.NVIC_Init         misc.o
    0x08006738   0x00000014   Code   RO          353    i.NVIC_PriorityGroupConfig  misc.o
    0x0800674c   0x00000002   Code   RO          216    i.PendSV_Handler    stm32f4xx_it.o
    0x0800674e   0x00000002   PAD
    0x08006750   0x00000020   Code   RO         2939    i.RCC_AHB1PeriphClockCmd  stm32f4xx_rcc.o
    0x08006770   0x00000020   Code   RO         2948    i.RCC_APB1PeriphClockCmd  stm32f4xx_rcc.o
    0x08006790   0x00000020   Code   RO         2950    i.RCC_APB1PeriphResetCmd  stm32f4xx_rcc.o
    0x080067b0   0x00000020   Code   RO         2951    i.RCC_APB2PeriphClockCmd  stm32f4xx_rcc.o
    0x080067d0   0x00000020   Code   RO         2953    i.RCC_APB2PeriphResetCmd  stm32f4xx_rcc.o
    0x080067f0   0x000000e8   Code   RO         2960    i.RCC_GetClocksFreq  stm32f4xx_rcc.o
    0x080068d8   0x000000a0   Code   RO         5744    i.STMFLASH_GetFlashSector  stmflash.o
    0x08006978   0x00000006   Code   RO         5746    i.STMFLASH_ReadWord  stmflash.o
    0x0800697e   0x00000002   PAD
    0x08006980   0x00000098   Code   RO         5747    i.STMFLASH_Write    stmflash.o
    0x08006a18   0x00000002   Code   RO          217    i.SVC_Handler       stm32f4xx_it.o
    0x08006a1a   0x00000002   PAD
    0x08006a1c   0x000000ec   Code   RO          308    i.SetSysClock       system_stm32f4xx.o
    0x08006b08   0x00000068   Code   RO         5131    i.Stm32_Clock_Init  sys.o
    0x08006b70   0x00000028   Code   RO          356    i.SysTick_CLKSourceConfig  misc.o
    0x08006b98   0x00000002   Code   RO          218    i.SysTick_Handler   stm32f4xx_it.o
    0x08006b9a   0x00000002   PAD
    0x08006b9c   0x0000010c   Code   RO         5132    i.Sys_Clock_Set     sys.o
    0x08006ca8   0x00000068   Code   RO          310    i.SystemInit        system_stm32f4xx.o
    0x08006d10   0x00000034   Code   RO         5918    i.TIM6_DAC_IRQHandler  timer.o
    0x08006d44   0x0000005c   Code   RO         5919    i.TIM6_Int_Init     timer.o
    0x08006da0   0x00000006   Code   RO         4281    i.TIM_ClearITPendingBit  stm32f4xx_tim.o
    0x08006da6   0x00000018   Code   RO         4286    i.TIM_Cmd           stm32f4xx_tim.o
    0x08006dbe   0x00000022   Code   RO         4307    i.TIM_GetITStatus   stm32f4xx_tim.o
    0x08006de0   0x00000012   Code   RO         4311    i.TIM_ITConfig      stm32f4xx_tim.o
    0x08006df2   0x00000004   Code   RO         4352    i.TIM_SetCounter    stm32f4xx_tim.o
    0x08006df6   0x00000002   PAD
    0x08006df8   0x00000084   Code   RO         4358    i.TIM_TimeBaseInit  stm32f4xx_tim.o
    0x08006e7c   0x00000040   Code   RO         5218    i.USART1_IRQHandler  usart.o
    0x08006ebc   0x00000020   Code   RO         5563    i.USART3_IRQHandler  usart3.o
    0x08006edc   0x00000074   Code   RO         5812    i.USART6_IRQHandler  usart6.o
    0x08006f50   0x00000018   Code   RO         4836    i.USART_Cmd         stm32f4xx_usart.o
    0x08006f68   0x000000f0   Code   RO         4838    i.USART_DeInit      stm32f4xx_usart.o
    0x08007058   0x0000001a   Code   RO         4839    i.USART_GetFlagStatus  stm32f4xx_usart.o
    0x08007072   0x00000054   Code   RO         4840    i.USART_GetITStatus  stm32f4xx_usart.o
    0x080070c6   0x0000004a   Code   RO         4842    i.USART_ITConfig    stm32f4xx_usart.o
    0x08007110   0x000000d4   Code   RO         4843    i.USART_Init        stm32f4xx_usart.o
    0x080071e4   0x0000000a   Code   RO         4850    i.USART_ReceiveData  stm32f4xx_usart.o
    0x080071ee   0x00000008   Code   RO         4853    i.USART_SendData    stm32f4xx_usart.o
    0x080071f6   0x00000004   Code   RO          219    i.UsageFault_Handler  stm32f4xx_it.o
    0x080071fa   0x00000030   Code   RO         6188    i.__ARM_fpclassify  m_wm.l(fpclassify.o)
    0x0800722a   0x0000000e   Code   RO         6019    i._is_digit         c_w.l(__printf_wp.o)
    0x08007238   0x00000004   Code   RO         5219    i._sys_exit         usart.o
    0x0800723c   0x0000002c   Code   RO         5813    i.clear_send_flags  usart6.o
    0x08007268   0x0000003c   Code   RO         5082    i.delay_init        delay.o
    0x080072a4   0x00000038   Code   RO         5083    i.delay_ms          delay.o
    0x080072dc   0x0000004c   Code   RO         5084    i.delay_us          delay.o
    0x08007328   0x0000004c   Code   RO         5085    i.delay_xms         delay.o
    0x08007374   0x0000001c   Code   RO         5220    i.fputc             usart.o
    0x08007390   0x0000002c   Code   RO         5944    i.iap_load_app      iap.o
    0x080073bc   0x00000158   Code   RO         5814    i.iap_package_process  usart6.o
    0x08007514   0x00000068   Code   RO         5945    i.iap_write_appbin  iap.o
    0x0800757c   0x0000077c   Code   RO            4    i.main              main.o
    0x08007cf8   0x00000050   Code   RO         5815    i.u3_printf         usart6.o
    0x08007d48   0x000000ac   Code   RO         5221    i.uart_init         usart.o
    0x08007df4   0x000000d4   Code   RO         5816    i.usart6_init       usart6.o
    0x08007ec8   0x0000002c   Code   RO         6176    locale$$code        c_w.l(lc_numeric_c.o)
    0x08007ef4   0x0000002c   Code   RO         6196    locale$$code        c_w.l(lc_ctype_c.o)
    0x08007f20   0x0000005a   Code   RO         6041    x$fpl$dfixu         fz_wm.l(dfixu.o)
    0x08007f7a   0x00000026   Code   RO         6045    x$fpl$dfltu         fz_wm.l(dflt_clz.o)
    0x08007fa0   0x00000154   Code   RO         6051    x$fpl$dmul          fz_wm.l(dmul.o)
    0x080080f4   0x0000009c   Code   RO         6103    x$fpl$dnaninf       fz_wm.l(dnaninf.o)
    0x08008190   0x0000000c   Code   RO         6105    x$fpl$dretinf       fz_wm.l(dretinf.o)
    0x0800819c   0x0000000a   Code   RO         6254    x$fpl$fpinit        fz_wm.l(fpinit.o)
    0x080081a6   0x00000004   Code   RO         6107    x$fpl$printf1       fz_wm.l(printf1.o)
    0x080081aa   0x00000000   Code   RO         6109    x$fpl$usenofp       fz_wm.l(usenofp.o)
    0x080081aa   0x000017c0   Data   RO         5357    .constdata          ili93xx.o
    0x0800996a   0x00000028   Data   RO         6007    .constdata          c_w.l(_printf_hex_int_ll_ptr.o)
    0x08009992   0x00000011   Data   RO         6027    .constdata          c_w.l(__printf_flags_ss_wp.o)
    0x080099a3   0x00000001   PAD
    0x080099a4   0x00000008   Data   RO         6073    .constdata          c_w.l(_printf_wctomb.o)
    0x080099ac   0x00000094   Data   RO         6151    .constdata          c_w.l(bigflt0.o)
    0x08009a40   0x00000020   Data   RO         6317    Region$$Table       anon$$obj.o
    0x08009a60   0x0000001c   Data   RO         6175    locale$$data        c_w.l(lc_numeric_c.o)
    0x08009a7c   0x00000110   Data   RO         6195    locale$$data        c_w.l(lc_ctype_c.o)


    Execution Region RW_IRAM1 (Base: 0x20000000, Size: 0x0001fc00, Max: 0x00020000, ABSOLUTE)

    Base Addr    Size         Type   Attr      Idx    E Section Name        Object

    0x20000000   0x00000010   Data   RW         2992    .data               stm32f4xx_rcc.o
    0x20000010   0x00000004   Data   RW         5086    .data               delay.o
    0x20000014   0x0000000c   Data   RW         5223    .data               usart.o
    0x20000020   0x00000004   Data   RW         5358    .data               ili93xx.o
    0x20000024   0x00000009   Data   RW         5686    .data               wt61.o
    0x2000002d   0x00000001   Data   RW         5787    .data               key.o
    0x2000002e   0x00000002   PAD
    0x20000030   0x00000014   Data   RW         5819    .data               usart6.o
    0x20000044   0x00000004   Data   RW         5947    .data               iap.o
    0x20000048   0x00000400   Zero   RW         5222    .bss                usart.o
    0x20000448   0x0000000e   Zero   RW         5356    .bss                ili93xx.o
    0x20000456   0x000000fa   Zero   RW         5685    .bss                wt61.o
    0x20000550   0x00000708   Zero   RW         5818    .bss                usart6.o
    0x20000c58   0x00000060   Zero   RW         6191    .bss                c_w.l(libspace.o)
    0x20000cb8   0x00000200   Zero   RW          344    HEAP                startup_stm32f40_41xxx.o
    0x20000eb8   0x00000148   PAD
    0x20001000   0x0001e000   Zero   RW         5817    .ARM.__AT_0x20001000  usart6.o
    0x2001f000   0x00000800   Zero   RW         5946    .bss                iap.o
    0x2001f800   0x00000400   Zero   RW          343    STACK               startup_stm32f40_41xxx.o


==============================================================================

Image component sizes


      Code (inc. data)   RO Data    RW Data    ZI Data      Debug   Object Name

        56         14          0          0          0        492   beep.o
       268         16          0          4          0       2487   delay.o
       504         88          0          0          0       2061   hc05.o
       148         12          0          4       2048       2008   iap.o
     17772        208       6080          4         14      23235   ili93xx.o
       284         24          0          1          0       1246   key.o
        64         16          0          0          0        491   led.o
      2004        772          0          0          0     292931   main.o
       180         24          0          0          0       2081   misc.o
        64         26        392          0       1536        848   startup_stm32f40_41xxx.o
       426         40          0          0          0       4472   stm32f4xx_flash.o
       236          0          0          0          0       2946   stm32f4xx_gpio.o
        26          0          0          0          0       4082   stm32f4xx_it.o
       392         48          0         16          0       5817   stm32f4xx_rcc.o
       218         28          0          0          0       4219   stm32f4xx_tim.o
       678         42          0          0          0       6076   stm32f4xx_usart.o
       318         50          0          0          0       2535   stmflash.o
       680         32          0          0          0       4109   sys.o
       340         32          0          0          0       1477   system_stm32f4xx.o
       144         16          0          0          0       1202   timer.o
       268         26          0         12       1024       4253   usart.o
        32          6          0          0          0        516   usart3.o
       796        106          0         20     124680       4852   usart6.o
        88         12          0          9        250        845   wt61.o

    ----------------------------------------------------------------------
     26006       1638       6504         72     129880     375281   Object Totals
         0          0         32          0          0          0   (incl. Generated)
        20          0          0          2        328          0   (incl. Padding)

    ----------------------------------------------------------------------

      Code (inc. data)   RO Data    RW Data    ZI Data      Debug   Library Member Name

        24          4          0          0          0         84   __2printf.o
         8          0          0          0          0         68   __main.o
       392          4         17          0          0         92   __printf_flags_ss_wp.o
        14          0          0          0          0         68   __printf_wp.o
         0          0          0          0          0          0   __rtentry.o
        12          0          0          0          0          0   __rtentry2.o
         6          0          0          0          0          0   __rtentry4.o
        52          8          0          0          0          0   __scatter.o
        26          0          0          0          0          0   __scatter_copy.o
        28          0          0          0          0          0   __scatter_zi.o
         6          0          0          0          0          0   _printf_a.o
         6          0          0          0          0          0   _printf_c.o
        44          0          0          0          0        108   _printf_char.o
        48          6          0          0          0         96   _printf_char_common.o
        36          4          0          0          0         80   _printf_char_file.o
        40          0          0          0          0         68   _printf_charcount.o
         6          0          0          0          0          0   _printf_d.o
       120         16          0          0          0         92   _printf_dec.o
         6          0          0          0          0          0   _printf_e.o
         6          0          0          0          0          0   _printf_f.o
      1050          0          0          0          0        216   _printf_fp_dec.o
       128         16          0          0          0         84   _printf_fp_infnan.o
         6          0          0          0          0          0   _printf_g.o
       148          4         40          0          0        160   _printf_hex_int_ll_ptr.o
         6          0          0          0          0          0   _printf_i.o
       178          0          0          0          0         88   _printf_intcommon.o
        10          0          0          0          0          0   _printf_l.o
         6          0          0          0          0          0   _printf_lc.o
        10          0          0          0          0          0   _printf_ll.o
         6          0          0          0          0          0   _printf_lld.o
         6          0          0          0          0          0   _printf_lli.o
         6          0          0          0          0          0   _printf_llo.o
         6          0          0          0          0          0   _printf_llu.o
         6          0          0          0          0          0   _printf_llx.o
       124         16          0          0          0         92   _printf_longlong_dec.o
         6          0          0          0          0          0   _printf_ls.o
         6          0          0          0          0          0   _printf_n.o
         6          0          0          0          0          0   _printf_o.o
       112          8          0          0          0        124   _printf_oct_int_ll.o
         6          0          0          0          0          0   _printf_p.o
        78          0          0          0          0        108   _printf_pad.o
         0          0          0          0          0          0   _printf_percent.o
         4          0          0          0          0          0   _printf_percent_end.o
         6          0          0          0          0          0   _printf_s.o
        82          0          0          0          0         80   _printf_str.o
        36          0          0          0          0         84   _printf_truncate.o
         6          0          0          0          0          0   _printf_u.o
        44          0          0          0          0        108   _printf_wchar.o
       188          6          8          0          0         92   _printf_wctomb.o
         6          0          0          0          0          0   _printf_x.o
        10          0          0          0          0         68   _sputc.o
        64          0          0          0          0         92   _wcrtomb.o
       220          4        148          0          0         96   bigflt0.o
      1910        128          0          0          0        672   btod.o
        36          4          0          0          0         76   c89vsprintf.o
        12          0          0          0          0         72   exit.o
         8          0          0          0          0         68   ferror.o
         6          0          0          0          0        152   heapauxi.o
        44         10        272          0          0         76   lc_ctype_c.o
        44         10         28          0          0         76   lc_numeric_c.o
         2          0          0          0          0          0   libinit.o
        34          0          0          0          0          0   libinit2.o
         2          0          0          0          0          0   libshutdown.o
         2          0          0          0          0          0   libshutdown2.o
         8          4          0          0         96         68   libspace.o
       138          0          0          0          0         80   lludiv10.o
        16          4          0          0          0         76   rt_ctype_table.o
         8          4          0          0          0         68   rt_locale_intlibspace.o
        78          0          0          0          0         80   rt_memclr_w.o
         2          0          0          0          0          0   rtexit.o
        10          0          0          0          0          0   rtexit2.o
       128          0          0          0          0         68   strcmpv7m.o
        62          0          0          0          0         76   strlen.o
        74          0          0          0          0         80   sys_stackheap_outer.o
         2          0          0          0          0         68   use_no_semi.o
         2          0          0          0          0         68   use_no_semi_2.o
        90          4          0          0          0        140   dfixu.o
        38          0          0          0          0        116   dflt_clz.o
       340         12          0          0          0        152   dmul.o
       156          4          0          0          0        140   dnaninf.o
        12          0          0          0          0        116   dretinf.o
        10          0          0          0          0        116   fpinit.o
         4          0          0          0          0        116   printf1.o
         0          0          0          0          0          0   usenofp.o
        48          0          0          0          0        124   fpclassify.o

    ----------------------------------------------------------------------
      6796        280        514          0         96       5192   Library Totals
        14          0          1          0          0          0   (incl. Padding)

    ----------------------------------------------------------------------

      Code (inc. data)   RO Data    RW Data    ZI Data      Debug   Library Name

      6084        260        513          0         96       4172   c_w.l
       650         20          0          0          0        896   fz_wm.l
        48          0          0          0          0        124   m_wm.l

    ----------------------------------------------------------------------
      6796        280        514          0         96       5192   Library Totals

    ----------------------------------------------------------------------

==============================================================================


      Code (inc. data)   RO Data    RW Data    ZI Data      Debug   

     32802       1918       7018         72     129976     368285   Grand Totals
     32802       1918       7018         72     129976     368285   ELF Image Totals
     32802       1918       7018         72          0          0   ROM Totals

==============================================================================

    Total RO  Size (Code + RO Data)                39820 (  38.89kB)
    Total RW  Size (RW Data + ZI Data)            130048 ( 127.00kB)
    Total ROM Size (Code + RO Data + RW Data)      39892 (  38.96kB)

==============================================================================

